mode: set
github.com/zinc-sig/ghost/main.go:11.13,14.2 2 0
github.com/zinc-sig/ghost/cmd/helpers/command.go:20.65,21.23 1 0
github.com/zinc-sig/ghost/cmd/helpers/command.go:21.23,23.3 1 0
github.com/zinc-sig/ghost/cmd/helpers/command.go:24.2,24.24 1 0
github.com/zinc-sig/ghost/cmd/helpers/command.go:24.24,26.3 1 0
github.com/zinc-sig/ghost/cmd/helpers/command.go:27.2,27.24 1 0
github.com/zinc-sig/ghost/cmd/helpers/command.go:27.24,29.3 1 0
github.com/zinc-sig/ghost/cmd/helpers/command.go:30.2,30.45 1 0
github.com/zinc-sig/ghost/cmd/helpers/command.go:30.45,32.3 1 0
github.com/zinc-sig/ghost/cmd/helpers/command.go:33.2,33.12 1 0
github.com/zinc-sig/ghost/cmd/helpers/command.go:38.96,41.16 2 0
github.com/zinc-sig/ghost/cmd/helpers/command.go:41.16,43.3 1 0
github.com/zinc-sig/ghost/cmd/helpers/command.go:44.2,49.16 4 0
github.com/zinc-sig/ghost/cmd/helpers/command.go:49.16,52.3 2 0
github.com/zinc-sig/ghost/cmd/helpers/command.go:53.2,57.19 3 0
github.com/zinc-sig/ghost/cmd/helpers/command.go:57.19,60.3 2 0
github.com/zinc-sig/ghost/cmd/helpers/command.go:62.2,62.45 1 0
github.com/zinc-sig/ghost/cmd/helpers/command.go:66.72,67.20 1 0
github.com/zinc-sig/ghost/cmd/helpers/command.go:67.20,69.3 1 0
github.com/zinc-sig/ghost/cmd/helpers/command.go:71.2,72.21 2 0
github.com/zinc-sig/ghost/cmd/helpers/command.go:72.21,74.3 1 0
github.com/zinc-sig/ghost/cmd/helpers/command.go:76.2,76.12 1 0
github.com/zinc-sig/ghost/cmd/helpers/command.go:80.61,81.22 1 0
github.com/zinc-sig/ghost/cmd/helpers/command.go:81.22,83.3 1 0
github.com/zinc-sig/ghost/cmd/helpers/command.go:85.2,86.16 2 0
github.com/zinc-sig/ghost/cmd/helpers/command.go:86.16,88.3 1 0
github.com/zinc-sig/ghost/cmd/helpers/command.go:90.2,90.18 1 0
github.com/zinc-sig/ghost/cmd/helpers/command.go:90.18,92.3 1 0
github.com/zinc-sig/ghost/cmd/helpers/command.go:94.2,94.21 1 0
github.com/zinc-sig/ghost/cmd/helpers/dry_run.go:10.49,11.20 1 0
github.com/zinc-sig/ghost/cmd/helpers/dry_run.go:11.20,13.3 1 0
github.com/zinc-sig/ghost/cmd/helpers/dry_run.go:15.2,16.12 2 0
github.com/zinc-sig/ghost/cmd/helpers/dry_run.go:16.12,18.3 1 0
github.com/zinc-sig/ghost/cmd/helpers/dry_run.go:20.2,26.16 5 0
github.com/zinc-sig/ghost/cmd/helpers/dry_run.go:26.16,28.3 1 0
github.com/zinc-sig/ghost/cmd/helpers/dry_run.go:28.8,30.3 1 0
github.com/zinc-sig/ghost/cmd/helpers/dry_run.go:32.2,32.69 1 0
github.com/zinc-sig/ghost/cmd/helpers/flags.go:12.71,16.2 3 0
github.com/zinc-sig/ghost/cmd/helpers/flags.go:19.69,25.2 5 0
github.com/zinc-sig/ghost/cmd/helpers/flags.go:28.70,35.2 6 0
github.com/zinc-sig/ghost/cmd/helpers/flags.go:38.71,52.2 10 1
github.com/zinc-sig/ghost/cmd/helpers/output.go:18.179,31.24 2 0
github.com/zinc-sig/ghost/cmd/helpers/output.go:31.24,33.3 1 0
github.com/zinc-sig/ghost/cmd/helpers/output.go:36.2,36.19 1 0
github.com/zinc-sig/ghost/cmd/helpers/output.go:36.19,38.3 1 0
github.com/zinc-sig/ghost/cmd/helpers/output.go:40.2,40.32 1 0
github.com/zinc-sig/ghost/cmd/helpers/output.go:40.32,43.17 2 0
github.com/zinc-sig/ghost/cmd/helpers/output.go:43.17,46.4 1 0
github.com/zinc-sig/ghost/cmd/helpers/output.go:48.3,48.27 1 0
github.com/zinc-sig/ghost/cmd/helpers/output.go:48.27,50.4 1 0
github.com/zinc-sig/ghost/cmd/helpers/output.go:50.9,53.4 2 0
github.com/zinc-sig/ghost/cmd/helpers/output.go:56.2,56.19 1 0
github.com/zinc-sig/ghost/cmd/helpers/output.go:60.46,62.16 2 0
github.com/zinc-sig/ghost/cmd/helpers/output.go:62.16,64.3 1 0
github.com/zinc-sig/ghost/cmd/helpers/output.go:66.2,67.12 2 0
github.com/zinc-sig/ghost/cmd/helpers/output.go:79.28,84.2 4 0
github.com/zinc-sig/ghost/cmd/helpers/output.go:87.80,90.16 2 0
github.com/zinc-sig/ghost/cmd/helpers/output.go:90.16,92.3 1 0
github.com/zinc-sig/ghost/cmd/helpers/output.go:95.2,95.18 1 0
github.com/zinc-sig/ghost/cmd/helpers/output.go:95.18,98.3 2 0
github.com/zinc-sig/ghost/cmd/helpers/output.go:98.8,101.3 2 0
github.com/zinc-sig/ghost/cmd/helpers/output.go:103.2,103.12 1 0
github.com/zinc-sig/ghost/cmd/helpers/output.go:107.83,113.28 3 0
github.com/zinc-sig/ghost/cmd/helpers/output.go:113.28,116.3 2 0
github.com/zinc-sig/ghost/cmd/helpers/output.go:116.8,119.3 2 0
github.com/zinc-sig/ghost/cmd/helpers/output.go:122.2,122.49 1 0
github.com/zinc-sig/ghost/cmd/helpers/output.go:122.49,130.29 7 0
github.com/zinc-sig/ghost/cmd/helpers/output.go:130.29,132.4 1 0
github.com/zinc-sig/ghost/cmd/helpers/output.go:133.3,134.25 2 0
github.com/zinc-sig/ghost/cmd/helpers/output.go:134.25,137.4 2 0
github.com/zinc-sig/ghost/cmd/helpers/output.go:138.3,140.70 3 0
github.com/zinc-sig/ghost/cmd/helpers/output.go:141.8,141.57 1 0
github.com/zinc-sig/ghost/cmd/helpers/output.go:141.57,145.14 2 0
github.com/zinc-sig/ghost/cmd/helpers/output.go:145.14,147.4 1 0
github.com/zinc-sig/ghost/cmd/helpers/output.go:150.3,155.59 5 0
github.com/zinc-sig/ghost/cmd/helpers/output.go:155.59,162.4 3 0
github.com/zinc-sig/ghost/cmd/helpers/output.go:162.9,164.4 1 0
github.com/zinc-sig/ghost/cmd/helpers/output.go:168.2,168.27 1 0
github.com/zinc-sig/ghost/cmd/helpers/paths.go:8.58,10.21 2 0
github.com/zinc-sig/ghost/cmd/helpers/paths.go:10.21,14.3 2 0
github.com/zinc-sig/ghost/cmd/helpers/paths.go:14.8,19.3 2 0
github.com/zinc-sig/ghost/cmd/helpers/paths.go:21.2,21.22 1 0
github.com/zinc-sig/ghost/cmd/helpers/paths.go:33.66,43.2 3 0
github.com/zinc-sig/ghost/cmd/helpers/paths.go:47.66,48.24 1 0
github.com/zinc-sig/ghost/cmd/helpers/paths.go:48.24,50.3 1 0
github.com/zinc-sig/ghost/cmd/helpers/paths.go:52.2,52.51 1 0
github.com/zinc-sig/ghost/cmd/helpers/upload.go:15.74,23.16 2 0
github.com/zinc-sig/ghost/cmd/helpers/upload.go:23.16,25.3 1 0
github.com/zinc-sig/ghost/cmd/helpers/upload.go:27.2,27.19 1 0
github.com/zinc-sig/ghost/cmd/helpers/upload.go:27.19,29.3 1 0
github.com/zinc-sig/ghost/cmd/helpers/upload.go:31.2,31.42 1 0
github.com/zinc-sig/ghost/cmd/helpers/upload.go:31.42,33.3 1 0
github.com/zinc-sig/ghost/cmd/helpers/upload.go:35.2,35.63 1 0
github.com/zinc-sig/ghost/cmd/helpers/upload.go:42.66,45.29 2 0
github.com/zinc-sig/ghost/cmd/helpers/upload.go:45.29,46.17 1 0
github.com/zinc-sig/ghost/cmd/helpers/upload.go:46.17,47.12 1 0
github.com/zinc-sig/ghost/cmd/helpers/upload.go:50.3,53.22 3 0
github.com/zinc-sig/ghost/cmd/helpers/upload.go:53.22,57.4 2 0
github.com/zinc-sig/ghost/cmd/helpers/upload.go:57.9,61.4 2 0
github.com/zinc-sig/ghost/cmd/helpers/upload.go:63.3,63.22 1 0
github.com/zinc-sig/ghost/cmd/helpers/upload.go:63.22,65.4 1 0
github.com/zinc-sig/ghost/cmd/helpers/upload.go:66.3,66.23 1 0
github.com/zinc-sig/ghost/cmd/helpers/upload.go:66.23,68.4 1 0
github.com/zinc-sig/ghost/cmd/helpers/upload.go:71.3,71.45 1 0
github.com/zinc-sig/ghost/cmd/helpers/upload.go:71.45,73.4 1 0
github.com/zinc-sig/ghost/cmd/helpers/upload.go:75.3,75.33 1 0
github.com/zinc-sig/ghost/cmd/helpers/upload.go:78.2,78.20 1 0
github.com/zinc-sig/ghost/cmd/helpers/upload.go:82.57,83.31 1 0
github.com/zinc-sig/ghost/cmd/helpers/upload.go:83.31,84.47 1 0
github.com/zinc-sig/ghost/cmd/helpers/upload.go:84.47,85.26 1 0
github.com/zinc-sig/ghost/cmd/helpers/upload.go:85.26,87.5 1 0
github.com/zinc-sig/ghost/cmd/helpers/upload.go:88.4,88.75 1 0
github.com/zinc-sig/ghost/cmd/helpers/upload.go:91.2,91.12 1 0
github.com/zinc-sig/ghost/cmd/helpers/upload.go:95.106,96.24 1 0
github.com/zinc-sig/ghost/cmd/helpers/upload.go:96.24,98.3 1 0
github.com/zinc-sig/ghost/cmd/helpers/upload.go:100.2,101.16 2 0
github.com/zinc-sig/ghost/cmd/helpers/upload.go:101.16,103.3 1 0
github.com/zinc-sig/ghost/cmd/helpers/upload.go:105.2,106.16 2 0
github.com/zinc-sig/ghost/cmd/helpers/upload.go:106.16,108.3 1 0
github.com/zinc-sig/ghost/cmd/helpers/upload.go:111.2,111.13 1 0
github.com/zinc-sig/ghost/cmd/helpers/upload.go:111.13,112.56 1 0
github.com/zinc-sig/ghost/cmd/helpers/upload.go:112.56,114.4 1 0
github.com/zinc-sig/ghost/cmd/helpers/upload.go:117.2,117.34 1 0
github.com/zinc-sig/ghost/cmd/helpers/upload.go:123.139,124.21 1 0
github.com/zinc-sig/ghost/cmd/helpers/upload.go:124.21,126.3 1 0
github.com/zinc-sig/ghost/cmd/helpers/upload.go:129.2,130.26 2 0
github.com/zinc-sig/ghost/cmd/helpers/upload.go:130.26,132.3 1 0
github.com/zinc-sig/ghost/cmd/helpers/upload.go:133.2,133.36 1 0
github.com/zinc-sig/ghost/cmd/helpers/upload.go:133.36,134.39 1 0
github.com/zinc-sig/ghost/cmd/helpers/upload.go:134.39,136.4 1 0
github.com/zinc-sig/ghost/cmd/helpers/upload.go:137.3,137.18 1 0
github.com/zinc-sig/ghost/cmd/helpers/upload.go:140.2,140.12 1 0
github.com/zinc-sig/ghost/cmd/helpers/upload.go:140.12,143.44 2 0
github.com/zinc-sig/ghost/cmd/helpers/upload.go:143.44,145.4 1 0
github.com/zinc-sig/ghost/cmd/helpers/upload.go:147.3,147.54 1 0
github.com/zinc-sig/ghost/cmd/helpers/upload.go:147.54,149.4 1 0
github.com/zinc-sig/ghost/cmd/helpers/upload.go:150.3,150.13 1 0
github.com/zinc-sig/ghost/cmd/helpers/upload.go:153.2,154.46 2 0
github.com/zinc-sig/ghost/cmd/helpers/upload.go:154.46,156.17 2 0
github.com/zinc-sig/ghost/cmd/helpers/upload.go:156.17,158.4 1 0
github.com/zinc-sig/ghost/cmd/helpers/upload.go:159.3,159.16 1 0
github.com/zinc-sig/ghost/cmd/helpers/upload.go:159.16,159.38 1 0
github.com/zinc-sig/ghost/cmd/helpers/upload.go:161.3,161.66 1 0
github.com/zinc-sig/ghost/cmd/helpers/upload.go:161.66,163.4 1 0
github.com/zinc-sig/ghost/cmd/helpers/upload.go:165.3,165.14 1 0
github.com/zinc-sig/ghost/cmd/helpers/upload.go:165.14,167.4 1 0
github.com/zinc-sig/ghost/cmd/helpers/upload.go:169.2,169.12 1 0
github.com/zinc-sig/ghost/cmd/helpers/upload.go:173.150,175.12 2 0
github.com/zinc-sig/ghost/cmd/helpers/upload.go:175.12,177.3 1 0
github.com/zinc-sig/ghost/cmd/helpers/upload.go:178.2,184.32 5 0
github.com/zinc-sig/ghost/cmd/helpers/upload.go:184.32,185.45 1 0
github.com/zinc-sig/ghost/cmd/helpers/upload.go:185.45,187.4 1 0
github.com/zinc-sig/ghost/cmd/helpers/upload.go:188.3,188.41 1 0
github.com/zinc-sig/ghost/cmd/helpers/upload.go:188.41,190.4 1 0
github.com/zinc-sig/ghost/cmd/helpers/upload.go:191.3,191.57 1 0
github.com/zinc-sig/ghost/cmd/helpers/upload.go:191.57,193.4 1 0
github.com/zinc-sig/ghost/cmd/helpers/upload.go:195.3,195.40 1 0
github.com/zinc-sig/ghost/cmd/helpers/upload.go:195.40,197.4 1 0
github.com/zinc-sig/ghost/cmd/helpers/upload.go:198.3,198.40 1 0
github.com/zinc-sig/ghost/cmd/helpers/upload.go:198.40,200.4 1 0
github.com/zinc-sig/ghost/cmd/helpers/upload.go:203.2,207.30 3 0
github.com/zinc-sig/ghost/cmd/helpers/upload.go:207.30,209.54 2 0
github.com/zinc-sig/ghost/cmd/helpers/upload.go:209.54,211.4 1 0
github.com/zinc-sig/ghost/cmd/helpers/upload.go:214.2,214.69 1 0
github.com/zinc-sig/ghost/cmd/helpers/webhook.go:19.74,20.40 1 1
github.com/zinc-sig/ghost/cmd/helpers/webhook.go:20.40,21.44 1 1
github.com/zinc-sig/ghost/cmd/helpers/webhook.go:21.44,22.26 1 1
github.com/zinc-sig/ghost/cmd/helpers/webhook.go:22.26,24.5 1 1
github.com/zinc-sig/ghost/cmd/helpers/webhook.go:25.4,25.30 1 1
github.com/zinc-sig/ghost/cmd/helpers/webhook.go:44.76,53.16 2 1
github.com/zinc-sig/ghost/cmd/helpers/webhook.go:53.16,55.3 1 0
github.com/zinc-sig/ghost/cmd/helpers/webhook.go:58.2,58.19 1 1
github.com/zinc-sig/ghost/cmd/helpers/webhook.go:58.19,60.3 1 0
github.com/zinc-sig/ghost/cmd/helpers/webhook.go:62.2,63.9 2 1
github.com/zinc-sig/ghost/cmd/helpers/webhook.go:63.9,65.3 1 0
github.com/zinc-sig/ghost/cmd/helpers/webhook.go:70.2,70.19 1 1
github.com/zinc-sig/ghost/cmd/helpers/webhook.go:70.19,72.3 1 0
github.com/zinc-sig/ghost/cmd/helpers/webhook.go:73.2,73.35 1 1
github.com/zinc-sig/ghost/cmd/helpers/webhook.go:73.35,75.3 1 1
github.com/zinc-sig/ghost/cmd/helpers/webhook.go:76.2,76.38 1 1
github.com/zinc-sig/ghost/cmd/helpers/webhook.go:76.38,78.3 1 0
github.com/zinc-sig/ghost/cmd/helpers/webhook.go:79.2,79.62 1 1
github.com/zinc-sig/ghost/cmd/helpers/webhook.go:79.62,81.3 1 0
github.com/zinc-sig/ghost/cmd/helpers/webhook.go:82.2,82.36 1 1
github.com/zinc-sig/ghost/cmd/helpers/webhook.go:82.36,84.3 1 0
github.com/zinc-sig/ghost/cmd/helpers/webhook.go:85.2,85.36 1 1
github.com/zinc-sig/ghost/cmd/helpers/webhook.go:85.36,87.3 1 1
github.com/zinc-sig/ghost/cmd/helpers/webhook.go:88.2,88.40 1 1
github.com/zinc-sig/ghost/cmd/helpers/webhook.go:88.40,90.3 1 0
github.com/zinc-sig/ghost/cmd/helpers/webhook.go:92.2,92.25 1 1
github.com/zinc-sig/ghost/cmd/helpers/webhook.go:96.109,99.16 2 0
github.com/zinc-sig/ghost/cmd/helpers/webhook.go:99.16,101.3 1 0
github.com/zinc-sig/ghost/cmd/helpers/webhook.go:104.2,105.15 2 0
github.com/zinc-sig/ghost/cmd/helpers/webhook.go:105.15,107.3 1 0
github.com/zinc-sig/ghost/cmd/helpers/webhook.go:110.2,112.71 3 0
github.com/zinc-sig/ghost/cmd/helpers/webhook.go:112.71,114.17 2 0
github.com/zinc-sig/ghost/cmd/helpers/webhook.go:114.17,116.4 1 0
github.com/zinc-sig/ghost/cmd/helpers/webhook.go:120.2,122.71 3 0
github.com/zinc-sig/ghost/cmd/helpers/webhook.go:122.71,124.17 2 0
github.com/zinc-sig/ghost/cmd/helpers/webhook.go:124.17,126.4 1 0
github.com/zinc-sig/ghost/cmd/helpers/webhook.go:130.2,131.18 2 0
github.com/zinc-sig/ghost/cmd/helpers/webhook.go:131.18,133.3 1 0
github.com/zinc-sig/ghost/cmd/helpers/webhook.go:136.2,137.20 2 0
github.com/zinc-sig/ghost/cmd/helpers/webhook.go:137.20,139.3 1 0
github.com/zinc-sig/ghost/cmd/helpers/webhook.go:140.2,144.45 3 0
github.com/zinc-sig/ghost/cmd/helpers/webhook.go:144.45,146.3 1 0
github.com/zinc-sig/ghost/cmd/helpers/webhook.go:146.8,146.56 1 0
github.com/zinc-sig/ghost/cmd/helpers/webhook.go:146.56,148.3 1 0
github.com/zinc-sig/ghost/cmd/helpers/webhook.go:150.2,165.40 3 0
github.com/zinc-sig/ghost/internal/agent/contract/contract.go:239.40,241.2 1 1
github.com/zinc-sig/ghost/internal/output/trailer.go:42.45,44.16 2 1
github.com/zinc-sig/ghost/internal/output/trailer.go:44.16,46.3 1 0
github.com/zinc-sig/ghost/internal/output/trailer.go:47.2,52.25 6 1
github.com/zinc-sig/ghost/internal/output/trailer.go:60.48,63.15 3 1
github.com/zinc-sig/ghost/internal/output/trailer.go:63.15,65.3 1 1
github.com/zinc-sig/ghost/internal/output/trailer.go:66.2,68.13 3 1
github.com/zinc-sig/ghost/internal/output/trailer.go:68.13,70.3 1 0
github.com/zinc-sig/ghost/internal/output/trailer.go:71.2,71.74 1 1
github.com/zinc-sig/ghost/internal/output/trailer.go:71.74,73.3 1 0
github.com/zinc-sig/ghost/internal/output/trailer.go:74.2,74.15 1 1
github.com/zinc-sig/ghost/internal/context/parser.go:16.50,18.21 2 1
github.com/zinc-sig/ghost/internal/context/parser.go:18.21,20.3 1 1
github.com/zinc-sig/ghost/internal/context/parser.go:22.2,23.15 2 1
github.com/zinc-sig/ghost/internal/context/parser.go:23.15,25.3 1 1
github.com/zinc-sig/ghost/internal/context/parser.go:27.2,30.55 2 1
github.com/zinc-sig/ghost/internal/context/parser.go:30.55,32.3 1 1
github.com/zinc-sig/ghost/internal/context/parser.go:35.2,35.67 1 1
github.com/zinc-sig/ghost/internal/context/parser.go:35.67,37.3 1 1
github.com/zinc-sig/ghost/internal/context/parser.go:40.2,40.47 1 1
github.com/zinc-sig/ghost/internal/context/parser.go:40.47,43.3 2 1
github.com/zinc-sig/ghost/internal/context/parser.go:46.2,46.27 1 1
github.com/zinc-sig/ghost/internal/context/parser.go:50.45,52.65 2 1
github.com/zinc-sig/ghost/internal/context/parser.go:52.65,54.3 1 1
github.com/zinc-sig/ghost/internal/context/parser.go:55.2,55.20 1 1
github.com/zinc-sig/ghost/internal/context/parser.go:59.42,61.16 2 1
github.com/zinc-sig/ghost/internal/context/parser.go:61.16,63.3 1 1
github.com/zinc-sig/ghost/internal/context/parser.go:65.2,66.54 2 1
github.com/zinc-sig/ghost/internal/context/parser.go:66.54,68.3 1 1
github.com/zinc-sig/ghost/internal/context/parser.go:69.2,69.20 1 1
github.com/zinc-sig/ghost/internal/context/parser.go:73.32,75.2 1 1
github.com/zinc-sig/ghost/internal/context/parser.go:78.55,82.49 2 1
github.com/zinc-sig/ghost/internal/context/parser.go:82.49,83.52 1 1
github.com/zinc-sig/ghost/internal/context/parser.go:83.52,84.44 1 1
github.com/zinc-sig/ghost/internal/context/parser.go:84.44,86.5 1 1
github.com/zinc-sig/ghost/internal/context/parser.go:91.2,93.30 3 1
github.com/zinc-sig/ghost/internal/context/parser.go:93.30,94.40 1 1
github.com/zinc-sig/ghost/internal/context/parser.go:94.40,96.23 2 1
github.com/zinc-sig/ghost/internal/context/parser.go:96.23,102.5 4 1
github.com/zinc-sig/ghost/internal/context/parser.go:106.2,106.23 1 1
github.com/zinc-sig/ghost/internal/context/parser.go:106.23,108.3 1 1
github.com/zinc-sig/ghost/internal/context/parser.go:109.2,109.16 1 1
github.com/zinc-sig/ghost/internal/context/parser.go:114.41,117.31 2 1
github.com/zinc-sig/ghost/internal/context/parser.go:117.31,118.17 1 1
github.com/zinc-sig/ghost/internal/context/parser.go:118.17,119.12 1 1
github.com/zinc-sig/ghost/internal/context/parser.go:122.3,122.26 1 1
github.com/zinc-sig/ghost/internal/context/parser.go:123.23,124.24 1 1
github.com/zinc-sig/ghost/internal/context/parser.go:125.11,128.24 1 1
github.com/zinc-sig/ghost/internal/context/parser.go:128.24,130.5 1 1
github.com/zinc-sig/ghost/internal/context/parser.go:134.2,134.22 1 1
github.com/zinc-sig/ghost/internal/context/parser.go:134.22,136.3 1 1
github.com/zinc-sig/ghost/internal/context/parser.go:137.2,137.15 1 1
github.com/zinc-sig/ghost/internal/context/parser.go:141.83,143.2 1 1
github.com/zinc-sig/ghost/internal/context/parser.go:146.104,150.60 2 1
github.com/zinc-sig/ghost/internal/context/parser.go:150.60,152.3 1 1
github.com/zinc-sig/ghost/internal/context/parser.go:155.2,155.20 1 1
github.com/zinc-sig/ghost/internal/context/parser.go:155.20,157.17 2 1
github.com/zinc-sig/ghost/internal/context/parser.go:157.17,159.4 1 1
github.com/zinc-sig/ghost/internal/context/parser.go:160.3,160.39 1 1
github.com/zinc-sig/ghost/internal/context/parser.go:164.2,164.19 1 1
github.com/zinc-sig/ghost/internal/context/parser.go:164.19,166.17 2 1
github.com/zinc-sig/ghost/internal/context/parser.go:166.17,168.4 1 1
github.com/zinc-sig/ghost/internal/context/parser.go:169.3,169.39 1 1
github.com/zinc-sig/ghost/internal/context/parser.go:173.2,173.22 1 1
github.com/zinc-sig/ghost/internal/context/parser.go:173.22,175.30 2 1
github.com/zinc-sig/ghost/internal/context/parser.go:175.30,177.18 2 1
github.com/zinc-sig/ghost/internal/context/parser.go:177.18,179.5 1 1
github.com/zinc-sig/ghost/internal/context/parser.go:180.4,180.22 1 1
github.com/zinc-sig/ghost/internal/context/parser.go:182.3,182.37 1 1
github.com/zinc-sig/ghost/internal/context/parser.go:185.2,185.40 1 1
github.com/zinc-sig/ghost/internal/sandbox/cgroup_linux.go:25.31,26.51 1 1
github.com/zinc-sig/ghost/internal/sandbox/cgroup_linux.go:26.51,28.3 1 0
github.com/zinc-sig/ghost/internal/sandbox/cgroup_linux.go:29.2,29.48 1 1
github.com/zinc-sig/ghost/internal/sandbox/cgroup_linux.go:29.48,31.3 1 0
github.com/zinc-sig/ghost/internal/sandbox/cgroup_linux.go:32.2,32.14 1 1
github.com/zinc-sig/ghost/internal/sandbox/cgroup_linux.go:37.40,39.2 1 0
github.com/zinc-sig/ghost/internal/sandbox/cgroup_linux.go:44.37,46.2 1 0
github.com/zinc-sig/ghost/internal/sandbox/cgroup_linux.go:51.31,53.16 2 0
github.com/zinc-sig/ghost/internal/sandbox/cgroup_linux.go:53.16,55.3 1 0
github.com/zinc-sig/ghost/internal/sandbox/cgroup_linux.go:56.2,56.57 1 0
github.com/zinc-sig/ghost/internal/sandbox/cgroup_linux.go:56.57,58.48 2 0
github.com/zinc-sig/ghost/internal/sandbox/cgroup_linux.go:58.48,60.18 2 0
github.com/zinc-sig/ghost/internal/sandbox/cgroup_linux.go:60.18,62.5 1 0
github.com/zinc-sig/ghost/internal/sandbox/cgroup_linux.go:63.4,63.16 1 0
github.com/zinc-sig/ghost/internal/sandbox/cgroup_linux.go:66.2,66.10 1 0
github.com/zinc-sig/ghost/internal/sandbox/cgroup_linux.go:71.47,73.16 2 1
github.com/zinc-sig/ghost/internal/sandbox/cgroup_linux.go:73.16,75.3 1 1
github.com/zinc-sig/ghost/internal/sandbox/cgroup_linux.go:76.2,77.16 2 0
github.com/zinc-sig/ghost/internal/sandbox/cgroup_linux.go:77.16,79.3 1 0
github.com/zinc-sig/ghost/internal/sandbox/cgroup_linux.go:80.2,80.20 1 0
github.com/zinc-sig/ghost/internal/sandbox/oomscore_linux.go:23.28,24.73 1 0
github.com/zinc-sig/ghost/internal/sandbox/oomscore_linux.go:24.73,26.3 1 0
github.com/zinc-sig/ghost/internal/sandbox/oomscore_linux.go:27.2,27.12 1 0
github.com/zinc-sig/ghost/internal/sandbox/sandbox_linux.go:24.41,26.2 1 1
github.com/zinc-sig/ghost/internal/sandbox/sandbox_linux.go:30.63,31.19 1 1
github.com/zinc-sig/ghost/internal/sandbox/sandbox_linux.go:31.19,33.3 1 1
github.com/zinc-sig/ghost/internal/sandbox/sandbox_linux.go:35.2,40.26 2 1
github.com/zinc-sig/ghost/internal/sandbox/sandbox_linux.go:40.26,43.3 1 0
github.com/zinc-sig/ghost/internal/sandbox/sandbox_linux.go:45.2,45.73 1 1
github.com/zinc-sig/ghost/internal/sandbox/sandbox_linux.go:45.73,47.3 1 1
github.com/zinc-sig/ghost/internal/sandbox/sandbox_linux.go:48.2,48.12 1 0
github.com/zinc-sig/ghost/internal/sandbox/sandbox_linux.go:54.31,57.2 2 0
github.com/zinc-sig/ghost/internal/sandbox/sandbox_linux.go:63.43,65.2 1 0
github.com/zinc-sig/ghost/internal/sandbox/sandbox_linux.go:77.49,78.87 1 0
github.com/zinc-sig/ghost/internal/sandbox/sandbox_linux.go:78.87,80.3 1 0
github.com/zinc-sig/ghost/internal/sandbox/sandbox_linux.go:81.2,81.102 1 0
github.com/zinc-sig/ghost/internal/sandbox/sandbox_linux.go:81.102,83.3 1 0
github.com/zinc-sig/ghost/internal/sandbox/sandbox_linux.go:84.2,84.12 1 0
github.com/zinc-sig/ghost/internal/sandbox/seccomp_linux.go:80.13,82.47 2 1
github.com/zinc-sig/ghost/internal/sandbox/seccomp_linux.go:82.47,84.3 1 1
github.com/zinc-sig/ghost/internal/sandbox/seccomp_linux.go:84.8,86.3 1 0
github.com/zinc-sig/ghost/internal/sandbox/seccomp_linux.go:97.46,98.20 1 1
github.com/zinc-sig/ghost/internal/sandbox/seccomp_linux.go:98.20,100.3 1 1
github.com/zinc-sig/ghost/internal/sandbox/seccomp_linux.go:101.2,102.49 2 1
github.com/zinc-sig/ghost/internal/sandbox/seccomp_linux.go:102.49,104.3 1 0
github.com/zinc-sig/ghost/internal/sandbox/seccomp_linux.go:105.2,106.16 2 1
github.com/zinc-sig/ghost/internal/sandbox/seccomp_linux.go:106.16,108.3 1 0
github.com/zinc-sig/ghost/internal/sandbox/seccomp_linux.go:109.2,110.16 2 1
github.com/zinc-sig/ghost/internal/sandbox/seccomp_linux.go:110.16,112.3 1 0
github.com/zinc-sig/ghost/internal/sandbox/seccomp_linux.go:113.2,113.24 1 1
github.com/zinc-sig/ghost/internal/sandbox/seccomp_linux.go:133.65,135.16 2 1
github.com/zinc-sig/ghost/internal/sandbox/seccomp_linux.go:135.16,137.3 1 0
github.com/zinc-sig/ghost/internal/sandbox/seccomp_linux.go:139.2,142.43 3 1
github.com/zinc-sig/ghost/internal/sandbox/seccomp_linux.go:142.43,144.10 2 1
github.com/zinc-sig/ghost/internal/sandbox/seccomp_linux.go:144.10,152.4 1 1
github.com/zinc-sig/ghost/internal/sandbox/seccomp_linux.go:154.3,165.63 8 1
github.com/zinc-sig/ghost/internal/sandbox/seccomp_linux.go:165.63,167.4 1 1
github.com/zinc-sig/ghost/internal/sandbox/seccomp_linux.go:169.3,171.31 2 1
github.com/zinc-sig/ghost/internal/sandbox/seccomp_linux.go:174.2,177.24 3 1
github.com/zinc-sig/ghost/internal/sandbox/seccomp_linux.go:185.85,186.30 1 1
github.com/zinc-sig/ghost/internal/sandbox/seccomp_linux.go:186.30,188.17 2 1
github.com/zinc-sig/ghost/internal/sandbox/seccomp_linux.go:188.17,190.4 1 0
github.com/zinc-sig/ghost/internal/sandbox/seccomp_linux.go:192.3,192.33 1 1
github.com/zinc-sig/ghost/internal/sandbox/seccomp_linux.go:192.33,194.11 2 1
github.com/zinc-sig/ghost/internal/sandbox/seccomp_linux.go:194.11,198.13 1 1
github.com/zinc-sig/ghost/internal/sandbox/seccomp_linux.go:200.4,203.25 3 1
github.com/zinc-sig/ghost/internal/sandbox/seccomp_linux.go:203.25,208.13 4 1
github.com/zinc-sig/ghost/internal/sandbox/seccomp_linux.go:214.4,216.69 3 1
github.com/zinc-sig/ghost/internal/sandbox/seccomp_linux.go:216.69,218.5 1 1
github.com/zinc-sig/ghost/internal/sandbox/seccomp_linux.go:219.4,222.43 4 1
github.com/zinc-sig/ghost/internal/sandbox/seccomp_linux.go:225.2,225.12 1 1
github.com/zinc-sig/ghost/internal/sandbox/seccomp_linux.go:231.84,232.25 1 1
github.com/zinc-sig/ghost/internal/sandbox/seccomp_linux.go:232.25,237.11 3 1
github.com/zinc-sig/ghost/internal/sandbox/seccomp_linux.go:237.11,239.4 1 1
github.com/zinc-sig/ghost/internal/sandbox/seccomp_linux.go:239.9,241.4 1 0
github.com/zinc-sig/ghost/internal/sandbox/seccomp_linux.go:242.3,242.67 1 1
github.com/zinc-sig/ghost/internal/sandbox/seccomp_linux.go:242.67,244.4 1 1
github.com/zinc-sig/ghost/internal/sandbox/seccomp_linux.go:245.3,245.12 1 1
github.com/zinc-sig/ghost/internal/sandbox/seccomp_linux.go:245.12,247.4 1 0
github.com/zinc-sig/ghost/internal/sandbox/seccomp_linux.go:249.2,249.12 1 1
github.com/zinc-sig/ghost/internal/sandbox/seccomp_linux.go:256.73,262.17 1 1
github.com/zinc-sig/ghost/internal/sandbox/seccomp_linux.go:262.17,264.3 1 1
github.com/zinc-sig/ghost/internal/sandbox/seccomp_linux.go:265.2,269.14 4 1
github.com/zinc-sig/ghost/internal/sandbox/seccomp_linux.go:270.21,276.18 5 0
github.com/zinc-sig/ghost/internal/sandbox/seccomp_linux.go:278.21,284.18 5 0
github.com/zinc-sig/ghost/internal/sandbox/seccomp_linux.go:286.28,298.18 11 1
github.com/zinc-sig/ghost/internal/sandbox/seccomp_linux.go:300.21,307.18 6 0
github.com/zinc-sig/ghost/internal/sandbox/seccomp_linux.go:309.21,316.18 6 0
github.com/zinc-sig/ghost/internal/sandbox/seccomp_linux.go:318.21,325.18 6 0
github.com/zinc-sig/ghost/internal/sandbox/seccomp_linux.go:327.21,334.18 6 0
github.com/zinc-sig/ghost/internal/sandbox/seccomp_linux.go:336.10,337.64 1 0
github.com/zinc-sig/ghost/internal/sandbox/seccomp_linux.go:339.2,339.12 1 1
github.com/zinc-sig/ghost/internal/sandbox/seccomp_linux.go:370.28,372.2 1 1
github.com/zinc-sig/ghost/internal/sandbox/seccomp_linux.go:374.36,377.2 2 1
github.com/zinc-sig/ghost/internal/sandbox/seccomp_linux.go:381.37,383.2 1 1
github.com/zinc-sig/ghost/internal/sandbox/seccomp_linux.go:385.46,387.2 1 1
github.com/zinc-sig/ghost/internal/sandbox/seccomp_linux.go:389.36,391.2 1 1
github.com/zinc-sig/ghost/internal/sandbox/seccomp_linux.go:393.38,395.2 1 1
github.com/zinc-sig/ghost/internal/sandbox/seccomp_linux.go:398.76,401.2 2 1
github.com/zinc-sig/ghost/internal/sandbox/seccomp_linux.go:404.38,407.2 2 1
github.com/zinc-sig/ghost/internal/sandbox/seccomp_linux.go:410.57,411.29 1 1
github.com/zinc-sig/ghost/internal/sandbox/seccomp_linux.go:411.29,413.10 2 1
github.com/zinc-sig/ghost/internal/sandbox/seccomp_linux.go:413.10,415.4 1 0
github.com/zinc-sig/ghost/internal/sandbox/seccomp_linux.go:416.3,417.15 2 1
github.com/zinc-sig/ghost/internal/sandbox/seccomp_linux.go:417.15,419.4 1 0
github.com/zinc-sig/ghost/internal/sandbox/seccomp_linux.go:420.3,420.15 1 1
github.com/zinc-sig/ghost/internal/sandbox/seccomp_linux.go:420.15,422.12 2 1
github.com/zinc-sig/ghost/internal/sandbox/seccomp_linux.go:424.3,424.27 1 1
github.com/zinc-sig/ghost/internal/sandbox/seccomp_linux.go:424.27,426.4 1 0
github.com/zinc-sig/ghost/internal/sandbox/seccomp_linux.go:427.3,427.78 1 1
github.com/zinc-sig/ghost/internal/sandbox/seccomp_linux.go:429.2,429.21 1 1
github.com/zinc-sig/ghost/internal/sandbox/seccomp_linux.go:432.52,434.41 2 1
github.com/zinc-sig/ghost/internal/sandbox/seccomp_linux.go:434.41,436.3 1 1
github.com/zinc-sig/ghost/internal/sandbox/seccomp_linux.go:437.2,437.29 1 0
github.com/zinc-sig/ghost/internal/sandbox/seccomp_linux.go:441.60,442.11 1 1
github.com/zinc-sig/ghost/internal/sandbox/seccomp_linux.go:443.24,444.37 1 1
github.com/zinc-sig/ghost/internal/sandbox/seccomp_linux.go:445.24,447.22 2 1
github.com/zinc-sig/ghost/internal/sandbox/seccomp_linux.go:447.22,449.4 1 1
github.com/zinc-sig/ghost/internal/sandbox/seccomp_linux.go:450.3,450.70 1 1
github.com/zinc-sig/ghost/internal/sandbox/seccomp_linux.go:451.31,452.44 1 0
github.com/zinc-sig/ghost/internal/sandbox/seccomp_linux.go:453.47,454.43 1 0
github.com/zinc-sig/ghost/internal/sandbox/seccomp_linux.go:455.23,456.36 1 0
github.com/zinc-sig/ghost/internal/sandbox/seccomp_linux.go:457.22,458.35 1 0
github.com/zinc-sig/ghost/internal/sandbox/seccomp_linux.go:459.10,460.60 1 0
github.com/zinc-sig/ghost/internal/sandbox/seccomp_linux.go:484.63,485.43 1 1
github.com/zinc-sig/ghost/internal/sandbox/seccomp_linux.go:485.43,487.3 1 1
github.com/zinc-sig/ghost/internal/sandbox/seccomp_linux.go:488.2,488.45 1 1
github.com/zinc-sig/ghost/internal/sandbox/seccomp_linux.go:488.45,489.45 1 1
github.com/zinc-sig/ghost/internal/sandbox/seccomp_linux.go:489.45,491.4 1 1
github.com/zinc-sig/ghost/internal/sandbox/seccomp_linux.go:493.2,493.17 1 1
github.com/zinc-sig/ghost/internal/sandbox/seccomp_linux.go:497.47,498.14 1 1
github.com/zinc-sig/ghost/internal/sandbox/seccomp_linux.go:499.23,500.25 1 1
github.com/zinc-sig/ghost/internal/sandbox/seccomp_linux.go:501.26,502.27 1 1
github.com/zinc-sig/ghost/internal/sandbox/seccomp_linux.go:503.23,504.24 1 0
github.com/zinc-sig/ghost/internal/sandbox/seccomp_linux.go:505.27,506.28 1 1
github.com/zinc-sig/ghost/internal/sandbox/seccomp_linux.go:507.23,508.24 1 0
github.com/zinc-sig/ghost/internal/sandbox/seccomp_linux.go:509.10,510.20 1 1
github.com/zinc-sig/ghost/internal/sandbox/seccomp_linux.go:528.49,530.24 2 1
github.com/zinc-sig/ghost/internal/sandbox/seccomp_linux.go:530.24,532.3 1 1
github.com/zinc-sig/ghost/internal/sandbox/seccomp_linux.go:533.2,538.73 2 1
github.com/zinc-sig/ghost/internal/sandbox/seccomp_linux.go:538.73,540.3 1 0
github.com/zinc-sig/ghost/internal/sandbox/seccomp_linux.go:544.2,549.16 2 1
github.com/zinc-sig/ghost/internal/sandbox/seccomp_linux.go:549.16,551.3 1 0
github.com/zinc-sig/ghost/internal/sandbox/seccomp_linux.go:552.2,552.14 1 1
github.com/zinc-sig/ghost/internal/sandbox/seccomp_linux.go:552.14,554.3 1 0
github.com/zinc-sig/ghost/internal/sandbox/seccomp_linux.go:555.2,555.12 1 1
github.com/zinc-sig/ghost/internal/reaper/reaper_linux.go:33.14,34.22 1 0
github.com/zinc-sig/ghost/internal/reaper/reaper_linux.go:34.22,36.3 1 0
github.com/zinc-sig/ghost/internal/reaper/reaper_linux.go:37.2,37.17 1 0
github.com/zinc-sig/ghost/internal/reaper/reaper_linux.go:37.17,44.13 4 0
github.com/zinc-sig/ghost/internal/reaper/reaper_linux.go:44.13,45.17 1 0
github.com/zinc-sig/ghost/internal/reaper/reaper_linux.go:45.17,46.9 1 0
github.com/zinc-sig/ghost/internal/reaper/reaper_linux.go:46.9,49.33 3 0
github.com/zinc-sig/ghost/internal/reaper/reaper_linux.go:49.33,50.12 1 0
github.com/zinc-sig/ghost/internal/reaper/reaper_linux.go:52.6,52.30 1 0
github.com/zinc-sig/ghost/internal/reaper/reaper_linux.go:59.58,62.34 3 0
github.com/zinc-sig/ghost/internal/reaper/reaper_linux.go:62.34,66.3 3 0
github.com/zinc-sig/ghost/internal/reaper/reaper_linux.go:70.2,70.21 1 0
github.com/zinc-sig/ghost/internal/reaper/reaper_linux.go:76.58,77.19 1 0
github.com/zinc-sig/ghost/internal/reaper/reaper_linux.go:77.19,79.3 1 0
github.com/zinc-sig/ghost/internal/reaper/reaper_linux.go:80.2,81.51 2 0
github.com/zinc-sig/ghost/internal/reaper/reaper_linux.go:81.51,85.3 3 0
github.com/zinc-sig/ghost/internal/reaper/reaper_linux.go:86.2,89.19 4 0
github.com/zinc-sig/ghost/internal/webhook/client.go:25.80,26.25 1 1
github.com/zinc-sig/ghost/internal/webhook/client.go:26.25,28.3 1 1
github.com/zinc-sig/ghost/internal/webhook/client.go:29.2,29.25 1 1
github.com/zinc-sig/ghost/internal/webhook/client.go:29.25,31.3 1 1
github.com/zinc-sig/ghost/internal/webhook/client.go:32.2,32.24 1 1
github.com/zinc-sig/ghost/internal/webhook/client.go:32.24,34.3 1 1
github.com/zinc-sig/ghost/internal/webhook/client.go:36.2,43.3 1 1
github.com/zinc-sig/ghost/internal/webhook/client.go:47.71,50.16 2 1
github.com/zinc-sig/ghost/internal/webhook/client.go:50.16,52.3 1 0
github.com/zinc-sig/ghost/internal/webhook/client.go:55.2,60.67 4 1
github.com/zinc-sig/ghost/internal/webhook/client.go:60.67,62.18 1 1
github.com/zinc-sig/ghost/internal/webhook/client.go:62.18,65.17 2 1
github.com/zinc-sig/ghost/internal/webhook/client.go:65.17,68.5 1 0
github.com/zinc-sig/ghost/internal/webhook/client.go:70.4,70.11 1 1
github.com/zinc-sig/ghost/internal/webhook/client.go:71.29,71.29 0 1
github.com/zinc-sig/ghost/internal/webhook/client.go:73.22,74.83 1 1
github.com/zinc-sig/ghost/internal/webhook/client.go:79.3,81.58 2 1
github.com/zinc-sig/ghost/internal/webhook/client.go:81.58,83.17 1 1
github.com/zinc-sig/ghost/internal/webhook/client.go:83.17,85.5 1 0
github.com/zinc-sig/ghost/internal/webhook/client.go:86.4,86.14 1 1
github.com/zinc-sig/ghost/internal/webhook/client.go:90.3,90.17 1 1
github.com/zinc-sig/ghost/internal/webhook/client.go:90.17,92.4 1 1
github.com/zinc-sig/ghost/internal/webhook/client.go:92.9,94.4 1 1
github.com/zinc-sig/ghost/internal/webhook/client.go:97.3,97.55 1 1
github.com/zinc-sig/ghost/internal/webhook/client.go:97.55,98.17 1 1
github.com/zinc-sig/ghost/internal/webhook/client.go:98.17,100.5 1 0
github.com/zinc-sig/ghost/internal/webhook/client.go:101.4,101.18 1 1
github.com/zinc-sig/ghost/internal/webhook/client.go:105.2,105.96 1 1
github.com/zinc-sig/ghost/internal/webhook/client.go:108.80,110.16 2 1
github.com/zinc-sig/ghost/internal/webhook/client.go:110.16,112.3 1 0
github.com/zinc-sig/ghost/internal/webhook/client.go:115.2,116.37 2 1
github.com/zinc-sig/ghost/internal/webhook/client.go:116.37,118.3 1 1
github.com/zinc-sig/ghost/internal/webhook/client.go:121.2,121.27 1 1
github.com/zinc-sig/ghost/internal/webhook/client.go:122.16,123.64 1 1
github.com/zinc-sig/ghost/internal/webhook/client.go:124.17,125.50 1 1
github.com/zinc-sig/ghost/internal/webhook/client.go:128.2,129.16 2 1
github.com/zinc-sig/ghost/internal/webhook/client.go:129.16,131.3 1 1
github.com/zinc-sig/ghost/internal/webhook/client.go:132.2,132.15 1 1
github.com/zinc-sig/ghost/internal/webhook/client.go:132.15,132.40 1 1
github.com/zinc-sig/ghost/internal/webhook/client.go:135.2,137.29 2 1
github.com/zinc-sig/ghost/internal/webhook/config.go:24.40,31.2 1 1
github.com/zinc-sig/ghost/internal/webhook/retry.go:10.71,11.18 1 1
github.com/zinc-sig/ghost/internal/webhook/retry.go:11.18,13.3 1 1
github.com/zinc-sig/ghost/internal/webhook/retry.go:16.2,19.38 2 1
github.com/zinc-sig/ghost/internal/webhook/retry.go:19.38,21.3 1 1
github.com/zinc-sig/ghost/internal/webhook/retry.go:24.2,27.29 3 1
github.com/zinc-sig/ghost/internal/webhook/retry.go:31.39,32.14 1 1
github.com/zinc-sig/ghost/internal/webhook/retry.go:38.7,39.14 1 1
github.com/zinc-sig/ghost/internal/webhook/retry.go:40.10,41.15 1 1
github.com/zinc-sig/ghost/internal/runner/cappedwriter.go:21.52,23.2 1 1
github.com/zinc-sig/ghost/internal/runner/cappedwriter.go:26.41,26.70 1 1
github.com/zinc-sig/ghost/internal/runner/cappedwriter.go:38.71,40.2 1 1
github.com/zinc-sig/ghost/internal/runner/cappedwriter.go:46.53,48.29 2 1
github.com/zinc-sig/ghost/internal/runner/cappedwriter.go:48.29,52.3 3 1
github.com/zinc-sig/ghost/internal/runner/cappedwriter.go:53.2,53.40 1 1
github.com/zinc-sig/ghost/internal/runner/cappedwriter.go:53.40,59.17 6 1
github.com/zinc-sig/ghost/internal/runner/cappedwriter.go:59.17,61.4 1 0
github.com/zinc-sig/ghost/internal/runner/cappedwriter.go:63.3,63.21 1 1
github.com/zinc-sig/ghost/internal/runner/cappedwriter.go:65.2,67.21 3 1
github.com/zinc-sig/ghost/internal/runner/executor.go:71.43,72.39 1 1
github.com/zinc-sig/ghost/internal/runner/executor.go:72.39,73.70 1 0
github.com/zinc-sig/ghost/internal/runner/executor.go:73.70,75.4 1 0
github.com/zinc-sig/ghost/internal/runner/executor.go:76.3,76.61 1 0
github.com/zinc-sig/ghost/internal/runner/executor.go:78.2,78.12 1 1
github.com/zinc-sig/ghost/internal/runner/executor.go:82.55,84.47 2 1
github.com/zinc-sig/ghost/internal/runner/executor.go:84.47,86.3 1 0
github.com/zinc-sig/ghost/internal/runner/executor.go:90.2,91.16 2 1
github.com/zinc-sig/ghost/internal/runner/executor.go:91.16,93.3 1 0
github.com/zinc-sig/ghost/internal/runner/executor.go:97.2,97.49 1 1
github.com/zinc-sig/ghost/internal/runner/executor.go:97.49,100.3 2 0
github.com/zinc-sig/ghost/internal/runner/executor.go:101.2,101.18 1 1
github.com/zinc-sig/ghost/internal/runner/executor.go:104.47,107.26 2 1
github.com/zinc-sig/ghost/internal/runner/executor.go:107.26,109.3 1 1
github.com/zinc-sig/ghost/internal/runner/executor.go:112.2,115.13 2 1
github.com/zinc-sig/ghost/internal/runner/executor.go:115.13,117.3 1 0
github.com/zinc-sig/ghost/internal/runner/executor.go:119.2,123.19 4 1
github.com/zinc-sig/ghost/internal/runner/executor.go:123.19,128.3 3 0
github.com/zinc-sig/ghost/internal/runner/executor.go:128.8,134.25 4 1
github.com/zinc-sig/ghost/internal/runner/executor.go:134.25,138.4 3 1
github.com/zinc-sig/ghost/internal/runner/executor.go:138.9,140.4 1 1
github.com/zinc-sig/ghost/internal/runner/executor.go:142.3,143.17 2 1
github.com/zinc-sig/ghost/internal/runner/executor.go:143.17,145.4 1 1
github.com/zinc-sig/ghost/internal/runner/executor.go:146.3,146.16 1 1
github.com/zinc-sig/ghost/internal/runner/executor.go:146.16,146.41 1 1
github.com/zinc-sig/ghost/internal/runner/executor.go:147.3,150.17 3 1
github.com/zinc-sig/ghost/internal/runner/executor.go:150.17,152.4 1 0
github.com/zinc-sig/ghost/internal/runner/executor.go:153.3,153.16 1 1
github.com/zinc-sig/ghost/internal/runner/executor.go:153.16,153.42 1 1
github.com/zinc-sig/ghost/internal/runner/executor.go:154.3,157.17 3 1
github.com/zinc-sig/ghost/internal/runner/executor.go:157.17,159.4 1 0
github.com/zinc-sig/ghost/internal/runner/executor.go:160.3,160.16 1 1
github.com/zinc-sig/ghost/internal/runner/executor.go:160.16,160.42 1 1
github.com/zinc-sig/ghost/internal/runner/executor.go:163.3,163.14 1 1
github.com/zinc-sig/ghost/internal/runner/executor.go:163.14,165.4 1 0
github.com/zinc-sig/ghost/internal/runner/executor.go:165.9,167.4 1 1
github.com/zinc-sig/ghost/internal/runner/executor.go:170.3,170.21 1 1
github.com/zinc-sig/ghost/internal/runner/executor.go:170.21,171.72 1 1
github.com/zinc-sig/ghost/internal/runner/executor.go:171.72,173.5 1 1
github.com/zinc-sig/ghost/internal/runner/executor.go:176.3,186.17 7 1
github.com/zinc-sig/ghost/internal/runner/executor.go:186.17,188.59 1 1
github.com/zinc-sig/ghost/internal/runner/executor.go:188.59,191.5 2 1
github.com/zinc-sig/ghost/internal/runner/executor.go:191.10,191.57 1 1
github.com/zinc-sig/ghost/internal/runner/executor.go:191.57,193.66 2 1
github.com/zinc-sig/ghost/internal/runner/executor.go:193.66,195.6 1 1
github.com/zinc-sig/ghost/internal/runner/executor.go:195.11,197.6 1 0
github.com/zinc-sig/ghost/internal/runner/executor.go:198.10,200.5 1 1
github.com/zinc-sig/ghost/internal/runner/executor.go:205.2,205.13 1 1
github.com/zinc-sig/ghost/internal/runner/executor.go:205.13,207.3 1 0
github.com/zinc-sig/ghost/internal/runner/executor.go:209.2,214.8 1 1
github.com/zinc-sig/ghost/internal/runner/executor_exec_linux.go:17.40,20.16 2 1
github.com/zinc-sig/ghost/internal/runner/executor_exec_linux.go:20.16,22.3 1 0
github.com/zinc-sig/ghost/internal/runner/executor_exec_linux.go:23.2,23.73 1 1
github.com/zinc-sig/ghost/internal/runner/executor_exec_linux.go:23.73,25.3 1 0
github.com/zinc-sig/ghost/internal/runner/executor_exec_linux.go:28.2,29.16 2 1
github.com/zinc-sig/ghost/internal/runner/executor_exec_linux.go:29.16,31.3 1 0
github.com/zinc-sig/ghost/internal/runner/executor_exec_linux.go:32.2,32.75 1 1
github.com/zinc-sig/ghost/internal/runner/executor_exec_linux.go:32.75,34.3 1 0
github.com/zinc-sig/ghost/internal/runner/executor_exec_linux.go:37.2,38.16 2 1
github.com/zinc-sig/ghost/internal/runner/executor_exec_linux.go:38.16,40.3 1 0
github.com/zinc-sig/ghost/internal/runner/executor_exec_linux.go:41.2,41.75 1 1
github.com/zinc-sig/ghost/internal/runner/executor_exec_linux.go:41.75,43.3 1 0
github.com/zinc-sig/ghost/internal/runner/executor_exec_linux.go:48.2,48.22 1 1
github.com/zinc-sig/ghost/internal/runner/executor_exec_linux.go:48.22,49.49 1 0
github.com/zinc-sig/ghost/internal/runner/executor_exec_linux.go:49.49,51.4 1 0
github.com/zinc-sig/ghost/internal/runner/executor_exec_linux.go:57.2,57.21 1 1
github.com/zinc-sig/ghost/internal/runner/executor_exec_linux.go:57.21,58.69 1 0
github.com/zinc-sig/ghost/internal/runner/executor_exec_linux.go:58.69,60.4 1 0
github.com/zinc-sig/ghost/internal/runner/executor_exec_linux.go:64.2,64.24 1 1
github.com/zinc-sig/ghost/internal/runner/executor_exec_linux.go:64.24,65.64 1 0
github.com/zinc-sig/ghost/internal/runner/executor_exec_linux.go:65.64,67.4 1 0
github.com/zinc-sig/ghost/internal/runner/executor_exec_linux.go:75.2,75.29 1 1
github.com/zinc-sig/ghost/internal/runner/executor_exec_linux.go:75.29,76.82 1 0
github.com/zinc-sig/ghost/internal/runner/executor_exec_linux.go:76.82,78.4 1 0
github.com/zinc-sig/ghost/internal/runner/executor_exec_linux.go:81.2,81.37 1 1
github.com/zinc-sig/ghost/internal/runner/executor_exec_linux.go:81.37,82.89 1 0
github.com/zinc-sig/ghost/internal/runner/executor_exec_linux.go:82.89,84.4 1 0
github.com/zinc-sig/ghost/internal/runner/executor_exec_linux.go:88.2,89.16 2 1
github.com/zinc-sig/ghost/internal/runner/executor_exec_linux.go:89.16,91.3 1 1
github.com/zinc-sig/ghost/internal/runner/executor_exec_linux.go:94.2,97.50 2 0
github.com/zinc-sig/ghost/internal/runner/executor_exec_linux.go:102.42,104.16 2 1
github.com/zinc-sig/ghost/internal/runner/executor_exec_linux.go:104.16,106.3 1 0
github.com/zinc-sig/ghost/internal/runner/executor_exec_linux.go:107.2,107.12 1 1
github.com/zinc-sig/ghost/internal/runner/printer.go:9.60,11.19 2 0
github.com/zinc-sig/ghost/internal/runner/printer.go:11.19,13.3 1 0
github.com/zinc-sig/ghost/internal/runner/printer.go:15.2,22.24 8 0
github.com/zinc-sig/ghost/internal/runner/printer.go:22.24,24.3 1 0
github.com/zinc-sig/ghost/internal/runner/printer.go:25.2,27.19 2 0
github.com/zinc-sig/ghost/internal/runner/printer.go:27.19,30.3 2 0
github.com/zinc-sig/ghost/internal/runner/printer.go:30.8,33.3 2 0
github.com/zinc-sig/ghost/internal/runner/printer.go:37.88,39.12 2 0
github.com/zinc-sig/ghost/internal/runner/printer.go:39.12,41.3 1 0
github.com/zinc-sig/ghost/internal/runner/printer.go:41.8,43.3 1 0
github.com/zinc-sig/ghost/internal/runner/printer.go:44.2,48.69 5 0
github.com/zinc-sig/ghost/internal/runner/printer.go:62.69,63.15 1 0
github.com/zinc-sig/ghost/internal/runner/printer.go:64.13,65.57 1 0
github.com/zinc-sig/ghost/internal/runner/printer.go:66.14,67.101 1 0
github.com/zinc-sig/ghost/internal/runner/sandbox_linux.go:14.61,16.2 1 1
github.com/zinc-sig/ghost/internal/runner/supervise_linux.go:34.38,36.16 2 1
github.com/zinc-sig/ghost/internal/runner/supervise_linux.go:36.16,38.3 1 0
github.com/zinc-sig/ghost/internal/runner/supervise_linux.go:39.2,39.15 1 1
github.com/zinc-sig/ghost/internal/runner/supervise_linux.go:39.15,39.40 1 1
github.com/zinc-sig/ghost/internal/runner/supervise_linux.go:41.2,42.16 2 1
github.com/zinc-sig/ghost/internal/runner/supervise_linux.go:42.16,44.3 1 0
github.com/zinc-sig/ghost/internal/runner/supervise_linux.go:45.2,45.15 1 1
github.com/zinc-sig/ghost/internal/runner/supervise_linux.go:45.15,45.38 1 1
github.com/zinc-sig/ghost/internal/runner/supervise_linux.go:47.2,48.16 2 1
github.com/zinc-sig/ghost/internal/runner/supervise_linux.go:48.16,50.3 1 0
github.com/zinc-sig/ghost/internal/runner/supervise_linux.go:51.2,51.15 1 1
github.com/zinc-sig/ghost/internal/runner/supervise_linux.go:51.15,51.38 1 1
github.com/zinc-sig/ghost/internal/runner/supervise_linux.go:53.2,54.20 2 1
github.com/zinc-sig/ghost/internal/runner/supervise_linux.go:54.20,56.3 1 0
github.com/zinc-sig/ghost/internal/runner/supervise_linux.go:57.2,64.24 5 1
github.com/zinc-sig/ghost/internal/runner/supervise_linux.go:64.24,68.3 3 1
github.com/zinc-sig/ghost/internal/runner/supervise_linux.go:68.8,70.3 1 1
github.com/zinc-sig/ghost/internal/runner/supervise_linux.go:71.2,79.21 4 1
github.com/zinc-sig/ghost/internal/runner/supervise_linux.go:79.21,85.18 1 0
github.com/zinc-sig/ghost/internal/runner/supervise_linux.go:85.18,87.4 1 0
github.com/zinc-sig/ghost/internal/runner/supervise_linux.go:89.2,89.37 1 1
github.com/zinc-sig/ghost/internal/runner/supervise_linux.go:89.37,91.89 1 0
github.com/zinc-sig/ghost/internal/runner/supervise_linux.go:91.89,93.4 1 0
github.com/zinc-sig/ghost/internal/runner/supervise_linux.go:95.2,102.16 3 1
github.com/zinc-sig/ghost/internal/runner/supervise_linux.go:102.16,103.29 1 1
github.com/zinc-sig/ghost/internal/runner/supervise_linux.go:103.29,106.14 3 1
github.com/zinc-sig/ghost/internal/runner/supervise_linux.go:106.14,109.5 2 1
github.com/zinc-sig/ghost/internal/runner/supervise_linux.go:110.4,110.14 1 1
github.com/zinc-sig/ghost/internal/runner/supervise_linux.go:112.3,112.54 1 1
github.com/zinc-sig/ghost/internal/runner/supervise_linux.go:118.2,118.24 1 1
github.com/zinc-sig/ghost/internal/runner/supervise_linux.go:118.24,119.64 1 0
github.com/zinc-sig/ghost/internal/runner/supervise_linux.go:119.64,121.4 1 0
github.com/zinc-sig/ghost/internal/runner/supervise_linux.go:125.2,126.15 2 1
github.com/zinc-sig/ghost/internal/runner/supervise_linux.go:126.15,130.3 1 1
github.com/zinc-sig/ghost/internal/runner/supervise_linux.go:131.2,135.14 4 1
github.com/zinc-sig/ghost/internal/runner/supervise_linux.go:135.14,137.3 1 0
github.com/zinc-sig/ghost/internal/runner/supervise_linux.go:139.2,140.36 2 1
github.com/zinc-sig/ghost/internal/runner/supervise_linux.go:140.36,143.3 2 0
github.com/zinc-sig/ghost/internal/runner/supervise_linux.go:145.2,153.14 7 1
github.com/zinc-sig/ghost/internal/runner/supervise_linux.go:153.14,155.3 1 0
github.com/zinc-sig/ghost/internal/runner/supervise_linux.go:157.2,166.49 2 1
github.com/zinc-sig/ghost/internal/runner/supervise_linux.go:173.52,174.14 1 1
github.com/zinc-sig/ghost/internal/runner/supervise_linux.go:174.14,176.3 1 1
github.com/zinc-sig/ghost/internal/runner/supervise_linux.go:177.2,177.20 1 1
github.com/zinc-sig/ghost/internal/runner/supervise_linux.go:177.20,179.3 1 1
github.com/zinc-sig/ghost/internal/runner/supervise_linux.go:180.2,181.34 2 1
github.com/zinc-sig/ghost/internal/runner/supervise_linux.go:181.34,182.59 1 1
github.com/zinc-sig/ghost/internal/runner/supervise_linux.go:182.59,183.25 1 1
github.com/zinc-sig/ghost/internal/runner/supervise_linux.go:183.25,185.5 1 1
github.com/zinc-sig/ghost/internal/runner/supervise_linux.go:186.4,186.30 1 1
github.com/zinc-sig/ghost/internal/runner/supervise_linux.go:188.3,188.11 1 0
github.com/zinc-sig/ghost/internal/runner/supervise_linux.go:191.2,191.11 1 1
github.com/zinc-sig/ghost/internal/runner/supervise_linux.go:202.62,204.16 2 1
github.com/zinc-sig/ghost/internal/runner/supervise_linux.go:204.16,206.3 1 0
github.com/zinc-sig/ghost/internal/runner/supervise_linux.go:207.2,207.22 1 1
github.com/zinc-sig/ghost/internal/runner/supervise_linux.go:207.22,210.70 1 1
github.com/zinc-sig/ghost/internal/runner/supervise_linux.go:210.70,212.4 1 0
github.com/zinc-sig/ghost/internal/runner/supervise_linux.go:220.3,221.17 2 1
github.com/zinc-sig/ghost/internal/runner/supervise_linux.go:221.17,223.4 1 0
github.com/zinc-sig/ghost/internal/runner/supervise_linux.go:224.3,224.47 1 1
github.com/zinc-sig/ghost/internal/runner/supervise_linux.go:224.47,227.4 2 0
github.com/zinc-sig/ghost/internal/runner/supervise_linux.go:228.3,228.42 1 1
github.com/zinc-sig/ghost/internal/runner/supervise_linux.go:228.42,231.4 2 0
github.com/zinc-sig/ghost/internal/runner/supervise_linux.go:232.3,232.35 1 1
github.com/zinc-sig/ghost/internal/runner/supervise_linux.go:232.35,234.4 1 0
github.com/zinc-sig/ghost/internal/runner/supervise_linux.go:236.2,237.16 2 1
github.com/zinc-sig/ghost/internal/runner/supervise_linux.go:237.16,239.3 1 0
github.com/zinc-sig/ghost/internal/runner/supervise_linux.go:240.2,240.50 1 1
github.com/zinc-sig/ghost/internal/runner/supervise_linux.go:240.50,242.3 1 0
github.com/zinc-sig/ghost/internal/runner/supervise_linux.go:243.2,243.12 1 1
github.com/zinc-sig/ghost/internal/runner/supervise_linux.go:256.60,257.26 1 1
github.com/zinc-sig/ghost/internal/runner/supervise_linux.go:257.26,259.3 1 1
github.com/zinc-sig/ghost/internal/runner/supervise_linux.go:260.2,260.16 1 1
github.com/zinc-sig/ghost/internal/runner/supervise_linux.go:272.36,277.2 1 1
github.com/zinc-sig/ghost/internal/runner/supervise_linux.go:279.33,281.9 2 0
github.com/zinc-sig/ghost/internal/runner/supervise_linux.go:281.9,283.3 1 0
github.com/zinc-sig/ghost/internal/runner/supervise_linux.go:284.2,284.6 1 0
github.com/zinc-sig/ghost/internal/runner/supervise_linux.go:284.6,286.47 2 0
github.com/zinc-sig/ghost/internal/runner/supervise_linux.go:286.47,288.4 1 0
github.com/zinc-sig/ghost/internal/runner/supervise_linux.go:292.31,295.15 3 0
github.com/zinc-sig/ghost/internal/runner/supervise_linux.go:295.15,297.3 1 0
github.com/zinc-sig/ghost/internal/runner/supervise_linux.go:298.2,299.12 2 0
github.com/zinc-sig/ghost/internal/runner/supervise_linux.go:299.12,304.7 5 0
github.com/zinc-sig/ghost/internal/runner/supervise_linux.go:304.7,305.11 1 0
github.com/zinc-sig/ghost/internal/runner/supervise_linux.go:306.20,308.11 2 0
github.com/zinc-sig/ghost/internal/runner/supervise_linux.go:309.20,310.16 1 0
github.com/zinc-sig/ghost/internal/runner/supervise_linux.go:316.36,321.14 5 1
github.com/zinc-sig/ghost/internal/runner/supervise_linux.go:321.14,323.3 1 1
github.com/zinc-sig/ghost/internal/runner/supervise_linux.go:324.2,326.21 3 0
github.com/zinc-sig/ghost/cmd/agent.go:25.54,31.17 3 0
github.com/zinc-sig/ghost/cmd/agent.go:31.17,33.4 1 0
github.com/zinc-sig/ghost/cmd/agent.go:34.3,39.24 3 0
github.com/zinc-sig/ghost/cmd/agent.go:43.13,45.2 1 1
github.com/zinc-sig/ghost/cmd/diff.go:52.59,60.63 2 1
github.com/zinc-sig/ghost/cmd/diff.go:60.63,62.3 1 1
github.com/zinc-sig/ghost/cmd/diff.go:65.2,66.16 2 1
github.com/zinc-sig/ghost/cmd/diff.go:66.16,68.3 1 0
github.com/zinc-sig/ghost/cmd/diff.go:71.2,72.43 2 1
github.com/zinc-sig/ghost/cmd/diff.go:72.43,74.17 2 0
github.com/zinc-sig/ghost/cmd/diff.go:74.17,76.4 1 0
github.com/zinc-sig/ghost/cmd/diff.go:80.2,85.21 4 1
github.com/zinc-sig/ghost/cmd/diff.go:85.21,88.3 2 0
github.com/zinc-sig/ghost/cmd/diff.go:91.2,91.76 1 1
github.com/zinc-sig/ghost/cmd/diff.go:91.76,93.3 1 0
github.com/zinc-sig/ghost/cmd/diff.go:96.2,101.21 4 1
github.com/zinc-sig/ghost/cmd/diff.go:101.21,103.36 1 1
github.com/zinc-sig/ghost/cmd/diff.go:103.36,105.4 1 0
github.com/zinc-sig/ghost/cmd/diff.go:106.3,106.36 1 1
github.com/zinc-sig/ghost/cmd/diff.go:106.36,108.4 1 0
github.com/zinc-sig/ghost/cmd/diff.go:109.8,111.36 1 0
github.com/zinc-sig/ghost/cmd/diff.go:111.36,114.4 1 0
github.com/zinc-sig/ghost/cmd/diff.go:114.9,117.18 2 0
github.com/zinc-sig/ghost/cmd/diff.go:117.18,119.5 1 0
github.com/zinc-sig/ghost/cmd/diff.go:120.4,122.21 3 0
github.com/zinc-sig/ghost/cmd/diff.go:122.21,122.56 1 0
github.com/zinc-sig/ghost/cmd/diff.go:125.3,125.36 1 0
github.com/zinc-sig/ghost/cmd/diff.go:125.36,128.4 1 0
github.com/zinc-sig/ghost/cmd/diff.go:128.9,131.18 2 0
github.com/zinc-sig/ghost/cmd/diff.go:131.18,133.5 1 0
github.com/zinc-sig/ghost/cmd/diff.go:134.4,136.22 3 0
github.com/zinc-sig/ghost/cmd/diff.go:136.22,137.22 1 0
github.com/zinc-sig/ghost/cmd/diff.go:137.22,137.57 1 0
github.com/zinc-sig/ghost/cmd/diff.go:138.10,140.22 2 0
github.com/zinc-sig/ghost/cmd/diff.go:140.22,143.6 2 0
github.com/zinc-sig/ghost/cmd/diff.go:148.2,148.20 1 1
github.com/zinc-sig/ghost/cmd/diff.go:148.20,150.3 1 0
github.com/zinc-sig/ghost/cmd/diff.go:153.2,156.21 2 1
github.com/zinc-sig/ghost/cmd/diff.go:156.21,160.3 2 1
github.com/zinc-sig/ghost/cmd/diff.go:163.2,179.16 4 1
github.com/zinc-sig/ghost/cmd/diff.go:179.16,181.3 1 0
github.com/zinc-sig/ghost/cmd/diff.go:184.2,184.21 1 1
github.com/zinc-sig/ghost/cmd/diff.go:184.21,186.56 1 0
github.com/zinc-sig/ghost/cmd/diff.go:186.56,187.71 1 0
github.com/zinc-sig/ghost/cmd/diff.go:187.71,189.5 1 0
github.com/zinc-sig/ghost/cmd/diff.go:193.3,197.130 2 0
github.com/zinc-sig/ghost/cmd/diff.go:197.130,199.4 1 0
github.com/zinc-sig/ghost/cmd/diff.go:203.2,204.16 2 1
github.com/zinc-sig/ghost/cmd/diff.go:204.16,206.3 1 0
github.com/zinc-sig/ghost/cmd/diff.go:209.2,209.42 1 1
github.com/zinc-sig/ghost/cmd/diff.go:209.42,211.3 1 0
github.com/zinc-sig/ghost/cmd/diff.go:214.2,215.33 2 1
github.com/zinc-sig/ghost/cmd/diff.go:215.33,217.3 1 1
github.com/zinc-sig/ghost/cmd/diff.go:218.2,231.98 2 1
github.com/zinc-sig/ghost/cmd/diff.go:234.13,254.66 14 1
github.com/zinc-sig/ghost/cmd/diff.go:254.66,260.17 4 1
github.com/zinc-sig/ghost/cmd/diff.go:260.17,262.4 1 1
github.com/zinc-sig/ghost/cmd/diff.go:265.3,266.79 2 1
github.com/zinc-sig/ghost/cmd/diff.go:266.79,268.4 1 0
github.com/zinc-sig/ghost/cmd/diff.go:270.3,270.13 1 1
github.com/zinc-sig/ghost/cmd/exec.go:43.59,44.68 1 0
github.com/zinc-sig/ghost/cmd/exec.go:44.68,46.3 1 0
github.com/zinc-sig/ghost/cmd/exec.go:48.2,53.64 2 0
github.com/zinc-sig/ghost/cmd/exec.go:53.64,55.3 1 0
github.com/zinc-sig/ghost/cmd/exec.go:57.2,72.35 2 0
github.com/zinc-sig/ghost/cmd/exec.go:75.13,99.66 13 1
github.com/zinc-sig/ghost/cmd/exec.go:99.66,100.40 1 0
github.com/zinc-sig/ghost/cmd/exec.go:100.40,102.18 2 0
github.com/zinc-sig/ghost/cmd/exec.go:102.18,104.5 1 0
github.com/zinc-sig/ghost/cmd/exec.go:105.4,105.20 1 0
github.com/zinc-sig/ghost/cmd/exec.go:107.3,107.13 1 0
github.com/zinc-sig/ghost/cmd/exec.go:110.2,110.29 1 1
github.com/zinc-sig/ghost/cmd/heartbeat.go:34.13,37.2 2 1
github.com/zinc-sig/ghost/cmd/heartbeat.go:39.64,50.54 6 1
github.com/zinc-sig/ghost/cmd/heartbeat.go:50.54,52.3 1 0
github.com/zinc-sig/ghost/cmd/heartbeat.go:54.2,57.6 3 1
github.com/zinc-sig/ghost/cmd/heartbeat.go:57.6,58.10 1 1
github.com/zinc-sig/ghost/cmd/heartbeat.go:59.21,61.14 2 1
github.com/zinc-sig/ghost/cmd/heartbeat.go:62.19,63.56 1 1
github.com/zinc-sig/ghost/cmd/heartbeat.go:63.56,66.50 3 0
github.com/zinc-sig/ghost/cmd/heartbeat.go:66.50,68.6 1 0
github.com/zinc-sig/ghost/cmd/heartbeat.go:69.10,71.5 1 1
github.com/zinc-sig/ghost/cmd/heartbeat.go:76.40,78.63 1 1
github.com/zinc-sig/ghost/cmd/heartbeat.go:78.63,80.3 1 0
github.com/zinc-sig/ghost/cmd/heartbeat.go:81.2,94.16 3 1
github.com/zinc-sig/ghost/cmd/heartbeat.go:94.16,96.3 1 0
github.com/zinc-sig/ghost/cmd/heartbeat.go:97.2,97.108 1 1
github.com/zinc-sig/ghost/cmd/heartbeat.go:97.108,100.3 2 0
github.com/zinc-sig/ghost/cmd/heartbeat.go:101.2,101.47 1 1
github.com/zinc-sig/ghost/cmd/heartbeat.go:101.47,104.3 2 0
github.com/zinc-sig/ghost/cmd/heartbeat.go:105.2,105.18 1 1
github.com/zinc-sig/ghost/cmd/root.go:18.27,19.13 1 0
github.com/zinc-sig/ghost/cmd/root.go:19.13,21.3 1 0
github.com/zinc-sig/ghost/cmd/root.go:22.2,23.21 2 0
github.com/zinc-sig/ghost/cmd/root.go:35.16,37.16 2 0
github.com/zinc-sig/ghost/cmd/root.go:37.16,39.3 1 0
github.com/zinc-sig/ghost/cmd/root.go:42.13,46.2 3 1
github.com/zinc-sig/ghost/cmd/run.go:40.58,42.68 1 1
github.com/zinc-sig/ghost/cmd/run.go:42.68,44.3 1 0
github.com/zinc-sig/ghost/cmd/run.go:47.2,52.64 2 1
github.com/zinc-sig/ghost/cmd/run.go:52.64,54.3 1 0
github.com/zinc-sig/ghost/cmd/run.go:56.2,61.16 4 1
github.com/zinc-sig/ghost/cmd/run.go:61.16,63.3 1 0
github.com/zinc-sig/ghost/cmd/run.go:66.2,67.42 2 1
github.com/zinc-sig/ghost/cmd/run.go:67.42,69.17 2 0
github.com/zinc-sig/ghost/cmd/run.go:69.17,71.4 1 0
github.com/zinc-sig/ghost/cmd/run.go:75.2,80.21 4 1
github.com/zinc-sig/ghost/cmd/run.go:80.21,83.3 2 0
github.com/zinc-sig/ghost/cmd/run.go:86.2,86.62 1 1
github.com/zinc-sig/ghost/cmd/run.go:86.62,88.3 1 0
github.com/zinc-sig/ghost/cmd/run.go:91.2,96.21 4 1
github.com/zinc-sig/ghost/cmd/run.go:96.21,98.36 1 1
github.com/zinc-sig/ghost/cmd/run.go:98.36,100.4 1 0
github.com/zinc-sig/ghost/cmd/run.go:101.3,101.36 1 1
github.com/zinc-sig/ghost/cmd/run.go:101.36,103.4 1 0
github.com/zinc-sig/ghost/cmd/run.go:104.8,106.36 1 0
github.com/zinc-sig/ghost/cmd/run.go:106.36,109.4 1 0
github.com/zinc-sig/ghost/cmd/run.go:109.9,112.18 2 0
github.com/zinc-sig/ghost/cmd/run.go:112.18,114.5 1 0
github.com/zinc-sig/ghost/cmd/run.go:115.4,117.21 3 0
github.com/zinc-sig/ghost/cmd/run.go:117.21,117.56 1 0
github.com/zinc-sig/ghost/cmd/run.go:120.3,120.36 1 0
github.com/zinc-sig/ghost/cmd/run.go:120.36,123.4 1 0
github.com/zinc-sig/ghost/cmd/run.go:123.9,126.18 2 0
github.com/zinc-sig/ghost/cmd/run.go:126.18,128.5 1 0
github.com/zinc-sig/ghost/cmd/run.go:129.4,131.22 3 0
github.com/zinc-sig/ghost/cmd/run.go:131.22,132.22 1 0
github.com/zinc-sig/ghost/cmd/run.go:132.22,132.57 1 0
github.com/zinc-sig/ghost/cmd/run.go:133.10,135.22 2 0
github.com/zinc-sig/ghost/cmd/run.go:135.22,138.6 2 0
github.com/zinc-sig/ghost/cmd/run.go:143.2,143.20 1 1
github.com/zinc-sig/ghost/cmd/run.go:143.20,145.3 1 0
github.com/zinc-sig/ghost/cmd/run.go:147.2,161.16 3 1
github.com/zinc-sig/ghost/cmd/run.go:161.16,163.3 1 0
github.com/zinc-sig/ghost/cmd/run.go:166.2,166.21 1 1
github.com/zinc-sig/ghost/cmd/run.go:166.21,168.49 1 0
github.com/zinc-sig/ghost/cmd/run.go:168.49,169.71 1 0
github.com/zinc-sig/ghost/cmd/run.go:169.71,171.5 1 0
github.com/zinc-sig/ghost/cmd/run.go:175.3,179.116 2 0
github.com/zinc-sig/ghost/cmd/run.go:179.116,181.4 1 0
github.com/zinc-sig/ghost/cmd/run.go:185.2,186.16 2 1
github.com/zinc-sig/ghost/cmd/run.go:186.16,188.3 1 0
github.com/zinc-sig/ghost/cmd/run.go:191.2,191.39 1 1
github.com/zinc-sig/ghost/cmd/run.go:191.39,193.3 1 0
github.com/zinc-sig/ghost/cmd/run.go:196.2,197.26 2 1
github.com/zinc-sig/ghost/cmd/run.go:197.26,199.3 1 1
github.com/zinc-sig/ghost/cmd/run.go:200.2,213.84 2 1
github.com/zinc-sig/ghost/cmd/run.go:216.13,234.65 11 1
github.com/zinc-sig/ghost/cmd/run.go:234.65,240.17 4 1
github.com/zinc-sig/ghost/cmd/run.go:240.17,242.4 1 1
github.com/zinc-sig/ghost/cmd/run.go:245.3,245.56 1 1
github.com/zinc-sig/ghost/cmd/run.go:245.56,247.18 2 0
github.com/zinc-sig/ghost/cmd/run.go:247.18,249.5 1 0
github.com/zinc-sig/ghost/cmd/run.go:253.3,254.77 2 1
github.com/zinc-sig/ghost/cmd/run.go:254.77,256.4 1 0
github.com/zinc-sig/ghost/cmd/run.go:258.3,258.13 1 1
github.com/zinc-sig/ghost/cmd/supervise.go:43.64,44.68 1 0
github.com/zinc-sig/ghost/cmd/supervise.go:44.68,46.3 1 0
github.com/zinc-sig/ghost/cmd/supervise.go:48.2,53.64 2 0
github.com/zinc-sig/ghost/cmd/supervise.go:53.64,55.3 1 0
github.com/zinc-sig/ghost/cmd/supervise.go:57.2,58.16 2 0
github.com/zinc-sig/ghost/cmd/supervise.go:58.16,60.3 1 0
github.com/zinc-sig/ghost/cmd/supervise.go:62.2,78.33 2 0
github.com/zinc-sig/ghost/cmd/supervise.go:81.13,97.71 14 1
github.com/zinc-sig/ghost/cmd/supervise.go:97.71,98.50 1 0
github.com/zinc-sig/ghost/cmd/supervise.go:98.50,100.18 2 0
github.com/zinc-sig/ghost/cmd/supervise.go:100.18,102.5 1 0
github.com/zinc-sig/ghost/cmd/supervise.go:103.4,103.25 1 0
github.com/zinc-sig/ghost/cmd/supervise.go:105.3,105.13 1 0
github.com/zinc-sig/ghost/cmd/supervise.go:108.2,108.34 1 1
github.com/zinc-sig/ghost/internal/agent/activities.go:55.64,57.2 1 1
github.com/zinc-sig/ghost/internal/agent/activities.go:62.39,63.41 1 1
github.com/zinc-sig/ghost/internal/agent/activities.go:63.41,70.3 1 1
github.com/zinc-sig/ghost/internal/agent/activities.go:71.2,71.12 1 1
github.com/zinc-sig/ghost/internal/agent/activities.go:77.133,78.58 1 1
github.com/zinc-sig/ghost/internal/agent/activities.go:78.58,80.3 1 1
github.com/zinc-sig/ghost/internal/agent/activities.go:82.2,87.33 2 1
github.com/zinc-sig/ghost/internal/agent/activities.go:87.33,89.17 2 1
github.com/zinc-sig/ghost/internal/agent/activities.go:89.17,91.4 1 1
github.com/zinc-sig/ghost/internal/agent/activities.go:92.3,92.52 1 1
github.com/zinc-sig/ghost/internal/agent/activities.go:92.52,94.4 1 0
github.com/zinc-sig/ghost/internal/agent/activities.go:95.3,98.17 4 1
github.com/zinc-sig/ghost/internal/agent/activities.go:98.17,100.4 1 1
github.com/zinc-sig/ghost/internal/agent/activities.go:101.3,101.32 1 1
github.com/zinc-sig/ghost/internal/agent/activities.go:103.2,103.17 1 1
github.com/zinc-sig/ghost/internal/agent/activities.go:110.106,111.58 1 1
github.com/zinc-sig/ghost/internal/agent/activities.go:111.58,113.3 1 1
github.com/zinc-sig/ghost/internal/agent/activities.go:115.2,122.19 7 1
github.com/zinc-sig/ghost/internal/agent/activities.go:122.19,126.3 3 1
github.com/zinc-sig/ghost/internal/agent/activities.go:127.2,127.60 1 1
github.com/zinc-sig/ghost/internal/agent/activities.go:127.60,131.3 3 1
github.com/zinc-sig/ghost/internal/agent/activities.go:134.2,135.16 2 1
github.com/zinc-sig/ghost/internal/agent/activities.go:135.16,137.3 1 1
github.com/zinc-sig/ghost/internal/agent/activities.go:138.2,138.52 1 1
github.com/zinc-sig/ghost/internal/agent/activities.go:138.52,140.3 1 0
github.com/zinc-sig/ghost/internal/agent/activities.go:144.2,145.16 2 1
github.com/zinc-sig/ghost/internal/agent/activities.go:145.16,147.3 1 0
github.com/zinc-sig/ghost/internal/agent/activities.go:152.2,152.15 1 1
github.com/zinc-sig/ghost/internal/agent/activities.go:152.15,152.47 1 1
github.com/zinc-sig/ghost/internal/agent/activities.go:155.2,157.9 3 1
github.com/zinc-sig/ghost/internal/agent/activities.go:158.32,160.84 2 1
github.com/zinc-sig/ghost/internal/agent/activities.go:160.84,162.4 1 0
github.com/zinc-sig/ghost/internal/agent/activities.go:163.3,163.23 1 1
github.com/zinc-sig/ghost/internal/agent/activities.go:164.29,166.24 2 1
github.com/zinc-sig/ghost/internal/agent/activities.go:166.24,168.4 1 0
github.com/zinc-sig/ghost/internal/agent/activities.go:168.9,170.18 2 1
github.com/zinc-sig/ghost/internal/agent/activities.go:170.18,172.5 1 0
github.com/zinc-sig/ghost/internal/agent/activities.go:174.3,174.23 1 1
github.com/zinc-sig/ghost/internal/agent/activities.go:177.2,190.31 4 1
github.com/zinc-sig/ghost/internal/agent/activities.go:190.31,192.3 1 1
github.com/zinc-sig/ghost/internal/agent/activities.go:193.2,201.21 3 1
github.com/zinc-sig/ghost/internal/agent/activities.go:201.21,203.3 1 0
github.com/zinc-sig/ghost/internal/agent/activities.go:204.2,210.19 3 1
github.com/zinc-sig/ghost/internal/agent/activities.go:210.19,212.3 1 0
github.com/zinc-sig/ghost/internal/agent/activities.go:213.2,213.23 1 1
github.com/zinc-sig/ghost/internal/agent/activities.go:213.23,215.3 1 0
github.com/zinc-sig/ghost/internal/agent/activities.go:216.2,216.21 1 1
github.com/zinc-sig/ghost/internal/agent/activities.go:216.21,218.3 1 1
github.com/zinc-sig/ghost/internal/agent/activities.go:219.2,233.24 9 1
github.com/zinc-sig/ghost/internal/agent/activities.go:233.24,235.3 1 1
github.com/zinc-sig/ghost/internal/agent/activities.go:240.2,241.16 2 1
github.com/zinc-sig/ghost/internal/agent/activities.go:241.16,245.3 1 1
github.com/zinc-sig/ghost/internal/agent/activities.go:255.2,258.12 4 1
github.com/zinc-sig/ghost/internal/agent/activities.go:258.12,262.7 4 1
github.com/zinc-sig/ghost/internal/agent/activities.go:262.7,263.11 1 1
github.com/zinc-sig/ghost/internal/agent/activities.go:264.18,265.11 1 1
github.com/zinc-sig/ghost/internal/agent/activities.go:266.28,277.66 1 1
github.com/zinc-sig/ghost/internal/agent/activities.go:277.66,280.6 1 0
github.com/zinc-sig/ghost/internal/agent/activities.go:281.5,281.34 1 1
github.com/zinc-sig/ghost/internal/agent/activities.go:285.2,285.15 1 1
github.com/zinc-sig/ghost/internal/agent/activities.go:285.15,288.3 2 1
github.com/zinc-sig/ghost/internal/agent/activities.go:290.2,291.12 2 1
github.com/zinc-sig/ghost/internal/agent/activities.go:291.12,291.36 1 1
github.com/zinc-sig/ghost/internal/agent/activities.go:293.2,295.9 3 1
github.com/zinc-sig/ghost/internal/agent/activities.go:296.26,297.15 1 1
github.com/zinc-sig/ghost/internal/agent/activities.go:298.17,303.21 3 1
github.com/zinc-sig/ghost/internal/agent/activities.go:304.20,313.42 6 0
github.com/zinc-sig/ghost/internal/agent/activities.go:321.2,331.18 6 1
github.com/zinc-sig/ghost/internal/agent/activities.go:331.18,334.3 1 1
github.com/zinc-sig/ghost/internal/agent/activities.go:335.2,335.24 1 1
github.com/zinc-sig/ghost/internal/agent/activities.go:335.24,338.3 1 1
github.com/zinc-sig/ghost/internal/agent/activities.go:340.2,341.9 2 1
github.com/zinc-sig/ghost/internal/agent/activities.go:342.22,344.23 2 1
github.com/zinc-sig/ghost/internal/agent/activities.go:345.31,350.115 3 1
github.com/zinc-sig/ghost/internal/agent/activities.go:350.115,355.4 1 1
github.com/zinc-sig/ghost/internal/agent/activities.go:356.10,362.92 1 0
github.com/zinc-sig/ghost/internal/agent/activities.go:362.92,365.55 3 0
github.com/zinc-sig/ghost/internal/agent/activities.go:365.55,367.5 1 0
github.com/zinc-sig/ghost/internal/agent/activities.go:368.9,370.4 1 0
github.com/zinc-sig/ghost/internal/agent/activities.go:382.2,382.51 1 1
github.com/zinc-sig/ghost/internal/agent/activities.go:382.51,384.3 1 1
github.com/zinc-sig/ghost/internal/agent/activities.go:385.2,385.51 1 1
github.com/zinc-sig/ghost/internal/agent/activities.go:385.51,387.3 1 1
github.com/zinc-sig/ghost/internal/agent/activities.go:388.2,388.91 1 1
github.com/zinc-sig/ghost/internal/agent/activities.go:388.91,390.3 1 1
github.com/zinc-sig/ghost/internal/agent/activities.go:394.2,394.28 1 1
github.com/zinc-sig/ghost/internal/agent/activities.go:394.28,395.94 1 1
github.com/zinc-sig/ghost/internal/agent/activities.go:395.94,397.4 1 0
github.com/zinc-sig/ghost/internal/agent/activities.go:399.2,399.28 1 1
github.com/zinc-sig/ghost/internal/agent/activities.go:399.28,400.94 1 0
github.com/zinc-sig/ghost/internal/agent/activities.go:400.94,402.4 1 0
github.com/zinc-sig/ghost/internal/agent/activities.go:411.2,420.4 3 1
github.com/zinc-sig/ghost/internal/agent/activities.go:420.4,422.17 2 1
github.com/zinc-sig/ghost/internal/agent/activities.go:422.17,424.12 2 0
github.com/zinc-sig/ghost/internal/agent/activities.go:426.3,426.13 1 1
github.com/zinc-sig/ghost/internal/agent/activities.go:426.13,428.4 1 0
github.com/zinc-sig/ghost/internal/agent/activities.go:429.3,429.82 1 1
github.com/zinc-sig/ghost/internal/agent/activities.go:429.82,431.4 1 1
github.com/zinc-sig/ghost/internal/agent/activities.go:431.9,433.4 1 1
github.com/zinc-sig/ghost/internal/agent/activities.go:435.2,435.19 1 1
github.com/zinc-sig/ghost/internal/agent/activities.go:435.19,436.85 1 1
github.com/zinc-sig/ghost/internal/agent/activities.go:436.85,438.4 1 0
github.com/zinc-sig/ghost/internal/agent/activities.go:438.9,440.4 1 1
github.com/zinc-sig/ghost/internal/agent/activities.go:443.2,444.17 2 1
github.com/zinc-sig/ghost/internal/agent/activities.go:448.41,449.27 1 1
github.com/zinc-sig/ghost/internal/agent/activities.go:449.27,451.3 1 1
github.com/zinc-sig/ghost/internal/agent/activities.go:452.2,453.16 2 0
github.com/zinc-sig/ghost/internal/agent/activities.go:453.16,456.3 1 0
github.com/zinc-sig/ghost/internal/agent/activities.go:457.2,457.12 1 0
github.com/zinc-sig/ghost/internal/agent/activities.go:461.38,462.24 1 1
github.com/zinc-sig/ghost/internal/agent/activities.go:462.24,464.3 1 0
github.com/zinc-sig/ghost/internal/agent/activities.go:465.2,465.53 1 1
github.com/zinc-sig/ghost/internal/agent/activities.go:472.56,475.34 3 1
github.com/zinc-sig/ghost/internal/agent/activities.go:475.34,476.44 1 1
github.com/zinc-sig/ghost/internal/agent/activities.go:476.44,477.12 1 1
github.com/zinc-sig/ghost/internal/agent/activities.go:479.3,480.10 2 1
github.com/zinc-sig/ghost/internal/agent/activities.go:480.10,481.12 1 0
github.com/zinc-sig/ghost/internal/agent/activities.go:483.3,483.32 1 1
github.com/zinc-sig/ghost/internal/agent/activities.go:483.32,485.12 2 0
github.com/zinc-sig/ghost/internal/agent/activities.go:487.3,488.24 2 1
github.com/zinc-sig/ghost/internal/agent/activities.go:490.2,490.56 1 1
github.com/zinc-sig/ghost/internal/agent/activities.go:490.56,492.32 2 1
github.com/zinc-sig/ghost/internal/agent/activities.go:492.32,494.12 2 0
github.com/zinc-sig/ghost/internal/agent/activities.go:496.3,497.24 2 1
github.com/zinc-sig/ghost/internal/agent/activities.go:499.2,499.12 1 1
github.com/zinc-sig/ghost/internal/agent/activities.go:505.62,507.16 2 1
github.com/zinc-sig/ghost/internal/agent/activities.go:507.16,509.3 1 0
github.com/zinc-sig/ghost/internal/agent/activities.go:510.2,511.16 2 1
github.com/zinc-sig/ghost/internal/agent/activities.go:511.16,513.3 1 0
github.com/zinc-sig/ghost/internal/agent/activities.go:514.2,514.29 1 1
github.com/zinc-sig/ghost/internal/agent/activities.go:514.29,516.3 1 1
github.com/zinc-sig/ghost/internal/agent/activities.go:517.2,517.25 1 1
github.com/zinc-sig/ghost/internal/agent/activities.go:517.25,519.3 1 1
github.com/zinc-sig/ghost/internal/agent/activities.go:520.2,522.100 3 1
github.com/zinc-sig/ghost/internal/agent/activities.go:522.100,524.3 1 1
github.com/zinc-sig/ghost/internal/agent/activities.go:525.2,525.18 1 1
github.com/zinc-sig/ghost/internal/agent/activities.go:534.96,535.33 1 1
github.com/zinc-sig/ghost/internal/agent/activities.go:535.33,537.3 1 1
github.com/zinc-sig/ghost/internal/agent/activities.go:538.2,539.16 2 0
github.com/zinc-sig/ghost/internal/agent/activities.go:539.16,541.3 1 0
github.com/zinc-sig/ghost/internal/agent/activities.go:542.2,542.15 1 0
github.com/zinc-sig/ghost/internal/agent/activities.go:542.15,542.34 1 0
github.com/zinc-sig/ghost/internal/agent/activities.go:543.2,545.16 3 0
github.com/zinc-sig/ghost/internal/agent/activities.go:545.16,547.3 1 0
github.com/zinc-sig/ghost/internal/agent/activities.go:548.2,549.37 2 0
github.com/zinc-sig/ghost/internal/agent/activities.go:549.37,551.3 1 0
github.com/zinc-sig/ghost/internal/agent/activities.go:552.2,552.16 1 0
github.com/zinc-sig/ghost/internal/agent/activities.go:552.16,554.3 1 0
github.com/zinc-sig/ghost/internal/agent/activities.go:555.2,555.30 1 0
github.com/zinc-sig/ghost/internal/agent/activities.go:561.70,563.16 2 1
github.com/zinc-sig/ghost/internal/agent/activities.go:563.16,565.3 1 0
github.com/zinc-sig/ghost/internal/agent/activities.go:566.2,566.21 1 1
github.com/zinc-sig/ghost/internal/agent/activities.go:566.21,568.3 1 0
github.com/zinc-sig/ghost/internal/agent/activities.go:569.2,570.16 2 1
github.com/zinc-sig/ghost/internal/agent/activities.go:570.16,572.3 1 0
github.com/zinc-sig/ghost/internal/agent/activities.go:573.2,573.15 1 1
github.com/zinc-sig/ghost/internal/agent/activities.go:573.15,573.34 1 1
github.com/zinc-sig/ghost/internal/agent/activities.go:574.2,574.63 1 1
github.com/zinc-sig/ghost/internal/agent/activities.go:574.63,576.3 1 0
github.com/zinc-sig/ghost/internal/agent/activities.go:577.2,578.16 2 1
github.com/zinc-sig/ghost/internal/agent/activities.go:578.16,580.3 1 0
github.com/zinc-sig/ghost/internal/agent/activities.go:581.2,582.37 2 1
github.com/zinc-sig/ghost/internal/agent/activities.go:582.37,584.3 1 1
github.com/zinc-sig/ghost/internal/agent/activities.go:585.2,585.16 1 1
github.com/zinc-sig/ghost/internal/agent/activities.go:585.16,587.3 1 0
github.com/zinc-sig/ghost/internal/agent/activities.go:588.2,588.12 1 1
github.com/zinc-sig/ghost/internal/agent/agent.go:34.29,35.35 1 0
github.com/zinc-sig/ghost/internal/agent/agent.go:35.35,37.3 1 0
github.com/zinc-sig/ghost/internal/agent/agent.go:40.2,40.47 1 0
github.com/zinc-sig/ghost/internal/agent/agent.go:40.47,42.3 1 0
github.com/zinc-sig/ghost/internal/agent/agent.go:67.2,68.60 1 0
github.com/zinc-sig/ghost/internal/agent/agent.go:68.60,70.4 1 0
github.com/zinc-sig/ghost/internal/agent/agent.go:71.47,71.75 1 0
github.com/zinc-sig/ghost/internal/agent/agent.go:73.16,75.3 1 0
github.com/zinc-sig/ghost/internal/agent/agent.go:79.2,82.56 2 0
github.com/zinc-sig/ghost/internal/agent/agent.go:82.56,84.3 1 0
github.com/zinc-sig/ghost/internal/agent/agent.go:86.2,87.16 2 0
github.com/zinc-sig/ghost/internal/agent/agent.go:87.16,89.3 1 0
github.com/zinc-sig/ghost/internal/agent/agent.go:91.2,91.17 1 0
github.com/zinc-sig/ghost/internal/agent/agent.go:91.17,99.3 1 0
github.com/zinc-sig/ghost/internal/agent/agent.go:101.2,105.25 2 0
github.com/zinc-sig/ghost/internal/agent/agent.go:105.25,112.3 1 0
github.com/zinc-sig/ghost/internal/agent/agent.go:114.2,115.16 2 0
github.com/zinc-sig/ghost/internal/agent/agent.go:115.16,117.3 1 0
github.com/zinc-sig/ghost/internal/agent/agent.go:118.2,132.52 6 0
github.com/zinc-sig/ghost/internal/agent/agent.go:132.52,134.3 1 0
github.com/zinc-sig/ghost/internal/agent/agent.go:135.2,135.12 1 0
github.com/zinc-sig/ghost/internal/agent/config.go:103.36,113.84 3 1
github.com/zinc-sig/ghost/internal/agent/config.go:113.84,115.3 1 1
github.com/zinc-sig/ghost/internal/agent/config.go:116.2,116.72 1 1
github.com/zinc-sig/ghost/internal/agent/config.go:116.72,118.3 1 1
github.com/zinc-sig/ghost/internal/agent/config.go:119.2,119.84 1 1
github.com/zinc-sig/ghost/internal/agent/config.go:119.84,121.3 1 1
github.com/zinc-sig/ghost/internal/agent/config.go:122.2,122.86 1 1
github.com/zinc-sig/ghost/internal/agent/config.go:122.86,124.3 1 1
github.com/zinc-sig/ghost/internal/agent/config.go:125.2,125.86 1 1
github.com/zinc-sig/ghost/internal/agent/config.go:125.86,127.3 1 1
github.com/zinc-sig/ghost/internal/agent/config.go:129.2,129.89 1 1
github.com/zinc-sig/ghost/internal/agent/config.go:129.89,131.3 1 0
github.com/zinc-sig/ghost/internal/agent/config.go:132.2,132.67 1 1
github.com/zinc-sig/ghost/internal/agent/config.go:132.67,134.3 1 0
github.com/zinc-sig/ghost/internal/agent/config.go:136.2,136.48 1 1
github.com/zinc-sig/ghost/internal/agent/config.go:136.48,138.17 2 1
github.com/zinc-sig/ghost/internal/agent/config.go:138.17,140.4 1 0
github.com/zinc-sig/ghost/internal/agent/config.go:141.3,141.25 1 1
github.com/zinc-sig/ghost/internal/agent/config.go:142.8,144.3 1 1
github.com/zinc-sig/ghost/internal/agent/config.go:146.2,146.52 1 1
github.com/zinc-sig/ghost/internal/agent/config.go:146.52,148.26 2 1
github.com/zinc-sig/ghost/internal/agent/config.go:148.26,150.4 1 1
github.com/zinc-sig/ghost/internal/agent/config.go:151.3,151.29 1 1
github.com/zinc-sig/ghost/internal/agent/config.go:152.8,154.3 1 1
github.com/zinc-sig/ghost/internal/agent/config.go:156.2,156.41 1 1
github.com/zinc-sig/ghost/internal/agent/config.go:156.41,158.17 2 1
github.com/zinc-sig/ghost/internal/agent/config.go:158.17,160.4 1 0
github.com/zinc-sig/ghost/internal/agent/config.go:161.3,161.18 1 1
github.com/zinc-sig/ghost/internal/agent/config.go:162.8,164.3 1 1
github.com/zinc-sig/ghost/internal/agent/config.go:166.2,166.61 1 1
github.com/zinc-sig/ghost/internal/agent/config.go:166.61,168.26 2 1
github.com/zinc-sig/ghost/internal/agent/config.go:168.26,170.4 1 0
github.com/zinc-sig/ghost/internal/agent/config.go:171.3,171.29 1 1
github.com/zinc-sig/ghost/internal/agent/config.go:173.2,173.33 1 1
github.com/zinc-sig/ghost/internal/agent/config.go:173.33,175.3 1 1
github.com/zinc-sig/ghost/internal/agent/config.go:180.2,180.48 1 1
github.com/zinc-sig/ghost/internal/agent/config.go:180.48,181.49 1 1
github.com/zinc-sig/ghost/internal/agent/config.go:181.49,183.4 1 0
github.com/zinc-sig/ghost/internal/agent/config.go:184.3,184.23 1 1
github.com/zinc-sig/ghost/internal/agent/config.go:185.8,187.17 2 0
github.com/zinc-sig/ghost/internal/agent/config.go:187.17,189.4 1 0
github.com/zinc-sig/ghost/internal/agent/config.go:190.3,190.23 1 0
github.com/zinc-sig/ghost/internal/agent/config.go:193.2,193.54 1 1
github.com/zinc-sig/ghost/internal/agent/config.go:193.54,195.3 1 0
github.com/zinc-sig/ghost/internal/agent/config.go:197.2,197.17 1 1
github.com/zinc-sig/ghost/internal/agent/config.go:200.46,202.13 2 1
github.com/zinc-sig/ghost/internal/agent/config.go:202.13,204.3 1 1
github.com/zinc-sig/ghost/internal/agent/config.go:205.2,205.15 1 1
github.com/zinc-sig/ghost/internal/agent/config.go:208.45,209.35 1 1
github.com/zinc-sig/ghost/internal/agent/config.go:209.35,211.3 1 1
github.com/zinc-sig/ghost/internal/agent/config.go:212.2,212.12 1 1
github.com/zinc-sig/ghost/internal/agent/config.go:215.56,217.13 2 1
github.com/zinc-sig/ghost/internal/agent/config.go:217.13,219.3 1 1
github.com/zinc-sig/ghost/internal/agent/config.go:220.2,221.16 2 1
github.com/zinc-sig/ghost/internal/agent/config.go:221.16,223.3 1 0
github.com/zinc-sig/ghost/internal/agent/config.go:224.2,224.15 1 1
github.com/zinc-sig/ghost/internal/agent/memsampler.go:81.40,88.2 1 1
github.com/zinc-sig/ghost/internal/agent/memsampler.go:95.87,98.36 3 1
github.com/zinc-sig/ghost/internal/agent/memsampler.go:98.36,100.3 1 1
github.com/zinc-sig/ghost/internal/agent/memsampler.go:101.2,103.16 3 1
github.com/zinc-sig/ghost/internal/agent/memsampler.go:103.16,110.3 3 1
github.com/zinc-sig/ghost/internal/agent/memsampler.go:111.2,111.15 1 1
github.com/zinc-sig/ghost/internal/agent/memsampler.go:114.32,117.21 3 1
github.com/zinc-sig/ghost/internal/agent/memsampler.go:117.21,119.26 2 1
github.com/zinc-sig/ghost/internal/agent/memsampler.go:119.26,123.4 3 1
github.com/zinc-sig/ghost/internal/agent/memsampler.go:124.3,125.16 2 1
github.com/zinc-sig/ghost/internal/agent/memsampler.go:133.60,144.2 5 1
github.com/zinc-sig/ghost/internal/agent/memsampler.go:148.40,151.16 3 1
github.com/zinc-sig/ghost/internal/agent/memsampler.go:151.16,156.3 2 0
github.com/zinc-sig/ghost/internal/agent/memsampler.go:157.2,159.38 2 1
github.com/zinc-sig/ghost/internal/agent/memsampler.go:159.38,161.3 1 0
github.com/zinc-sig/ghost/internal/agent/memsampler.go:162.2,164.30 2 1
github.com/zinc-sig/ghost/internal/agent/memsampler.go:164.30,166.21 2 1
github.com/zinc-sig/ghost/internal/agent/memsampler.go:166.21,168.4 1 1
github.com/zinc-sig/ghost/internal/agent/memsampler.go:169.3,169.54 1 1
github.com/zinc-sig/ghost/internal/agent/memsampler.go:169.54,170.25 1 1
github.com/zinc-sig/ghost/internal/agent/memsampler.go:170.25,172.5 1 1
github.com/zinc-sig/ghost/internal/agent/memsampler.go:172.10,172.65 1 1
github.com/zinc-sig/ghost/internal/agent/memsampler.go:172.65,175.5 2 1
github.com/zinc-sig/ghost/internal/agent/memsampler.go:175.10,177.5 1 1
github.com/zinc-sig/ghost/internal/agent/memsampler.go:179.3,181.30 3 1
github.com/zinc-sig/ghost/internal/agent/memsampler.go:181.30,183.4 1 1
github.com/zinc-sig/ghost/internal/agent/memsampler.go:190.69,193.30 3 0
github.com/zinc-sig/ghost/internal/agent/memsampler.go:193.30,196.31 3 0
github.com/zinc-sig/ghost/internal/agent/memsampler.go:196.31,197.34 1 0
github.com/zinc-sig/ghost/internal/agent/memsampler.go:197.34,199.10 2 0
github.com/zinc-sig/ghost/internal/agent/memsampler.go:202.3,203.100 2 0
github.com/zinc-sig/ghost/internal/agent/memsampler.go:205.2,205.49 1 0
github.com/zinc-sig/ghost/internal/agent/memsampler.go:205.49,207.17 2 0
github.com/zinc-sig/ghost/internal/agent/memsampler.go:207.17,208.12 1 0
github.com/zinc-sig/ghost/internal/agent/memsampler.go:210.3,211.20 2 0
github.com/zinc-sig/ghost/internal/agent/memsampler.go:222.61,224.28 2 1
github.com/zinc-sig/ghost/internal/agent/memsampler.go:224.28,225.17 1 1
github.com/zinc-sig/ghost/internal/agent/memsampler.go:225.17,226.12 1 1
github.com/zinc-sig/ghost/internal/agent/memsampler.go:228.3,228.67 1 1
github.com/zinc-sig/ghost/internal/agent/memsampler.go:228.67,230.4 1 1
github.com/zinc-sig/ghost/internal/agent/memsampler.go:232.2,232.16 1 1
github.com/zinc-sig/ghost/internal/agent/memsampler.go:241.45,243.16 2 1
github.com/zinc-sig/ghost/internal/agent/memsampler.go:243.16,245.3 1 0
github.com/zinc-sig/ghost/internal/agent/memsampler.go:246.2,247.28 2 1
github.com/zinc-sig/ghost/internal/agent/memsampler.go:247.28,249.3 1 1
github.com/zinc-sig/ghost/internal/agent/memsampler.go:250.2,252.21 3 1
github.com/zinc-sig/ghost/internal/agent/memsampler.go:252.21,255.38 3 1
github.com/zinc-sig/ghost/internal/agent/memsampler.go:255.38,257.16 2 1
github.com/zinc-sig/ghost/internal/agent/memsampler.go:257.16,258.13 1 1
github.com/zinc-sig/ghost/internal/agent/memsampler.go:260.4,260.54 1 1
github.com/zinc-sig/ghost/internal/agent/memsampler.go:260.54,261.13 1 0
github.com/zinc-sig/ghost/internal/agent/memsampler.go:263.4,263.63 1 1
github.com/zinc-sig/ghost/internal/agent/memsampler.go:263.63,265.5 1 1
github.com/zinc-sig/ghost/internal/agent/memsampler.go:268.2,268.15 1 1
github.com/zinc-sig/ghost/internal/agent/memsampler.go:271.26,273.2 1 1
github.com/zinc-sig/ghost/internal/agent/memsampler.go:275.44,276.25 1 0
github.com/zinc-sig/ghost/internal/agent/memsampler.go:276.25,277.15 1 0
github.com/zinc-sig/ghost/internal/agent/memsampler.go:277.15,279.4 1 0
github.com/zinc-sig/ghost/internal/agent/memsampler.go:281.2,281.14 1 0
github.com/zinc-sig/ghost/internal/agent/objectstore.go:47.55,50.94 3 0
github.com/zinc-sig/ghost/internal/agent/objectstore.go:50.94,53.21 3 0
github.com/zinc-sig/ghost/internal/agent/objectstore.go:53.21,55.4 1 0
github.com/zinc-sig/ghost/internal/agent/objectstore.go:58.2,62.16 2 0
github.com/zinc-sig/ghost/internal/agent/objectstore.go:62.16,64.3 1 0
github.com/zinc-sig/ghost/internal/agent/objectstore.go:65.2,65.41 1 0
github.com/zinc-sig/ghost/internal/agent/objectstore.go:68.86,70.16 2 0
github.com/zinc-sig/ghost/internal/agent/objectstore.go:70.16,72.3 1 0
github.com/zinc-sig/ghost/internal/agent/objectstore.go:73.2,73.15 1 0
github.com/zinc-sig/ghost/internal/agent/objectstore.go:73.15,73.32 1 0
github.com/zinc-sig/ghost/internal/agent/objectstore.go:77.2,78.62 2 0
github.com/zinc-sig/ghost/internal/agent/objectstore.go:78.62,80.3 1 0
github.com/zinc-sig/ghost/internal/agent/objectstore.go:82.2,82.88 1 0
github.com/zinc-sig/ghost/internal/agent/objectstore.go:82.88,84.3 1 0
github.com/zinc-sig/ghost/internal/agent/objectstore.go:85.2,85.12 1 0
github.com/zinc-sig/ghost/internal/agent/objectstore.go:88.94,90.16 2 0
github.com/zinc-sig/ghost/internal/agent/objectstore.go:90.16,92.3 1 0
github.com/zinc-sig/ghost/internal/agent/objectstore.go:93.2,93.12 1 0
github.com/zinc-sig/ghost/internal/agent/objectstore.go:96.112,110.116 5 0
github.com/zinc-sig/ghost/internal/agent/objectstore.go:110.116,111.21 1 0
github.com/zinc-sig/ghost/internal/agent/objectstore.go:111.21,114.4 2 0
github.com/zinc-sig/ghost/internal/agent/objectstore.go:116.3,116.38 1 0
github.com/zinc-sig/ghost/internal/agent/objectstore.go:116.38,117.12 1 0
github.com/zinc-sig/ghost/internal/agent/objectstore.go:119.3,119.31 1 0
github.com/zinc-sig/ghost/internal/agent/objectstore.go:121.2,123.27 2 0
github.com/zinc-sig/ghost/internal/agent/objectstore.go:123.27,125.17 2 0
github.com/zinc-sig/ghost/internal/agent/objectstore.go:125.17,127.4 1 0
github.com/zinc-sig/ghost/internal/agent/objectstore.go:128.3,130.17 3 0
github.com/zinc-sig/ghost/internal/agent/objectstore.go:130.17,132.4 1 0
github.com/zinc-sig/ghost/internal/agent/objectstore.go:133.3,134.13 2 0
github.com/zinc-sig/ghost/internal/agent/objectstore.go:136.2,136.26 1 0
github.com/zinc-sig/ghost/internal/agent/objectstore.go:143.71,146.15 3 1
github.com/zinc-sig/ghost/internal/agent/objectstore.go:146.15,148.3 1 1
github.com/zinc-sig/ghost/internal/agent/objectstore.go:149.2,149.25 1 1
github.com/zinc-sig/ghost/internal/agent/objectstore.go:149.25,151.3 1 1
github.com/zinc-sig/ghost/internal/agent/objectstore.go:152.2,153.102 2 1
github.com/zinc-sig/ghost/internal/agent/objectstore.go:153.102,155.3 1 1
github.com/zinc-sig/ghost/internal/agent/objectstore.go:157.2,158.16 2 1
github.com/zinc-sig/ghost/internal/agent/objectstore.go:158.16,160.3 1 0
github.com/zinc-sig/ghost/internal/agent/objectstore.go:161.2,163.100 3 1
github.com/zinc-sig/ghost/internal/agent/objectstore.go:163.100,165.3 1 0
github.com/zinc-sig/ghost/internal/agent/objectstore.go:166.2,166.18 1 1
github.com/zinc-sig/ghost/internal/agent/objectstore.go:172.83,174.16 2 1
github.com/zinc-sig/ghost/internal/agent/objectstore.go:174.16,176.3 1 1
github.com/zinc-sig/ghost/internal/agent/objectstore.go:177.2,177.63 1 1
github.com/zinc-sig/ghost/internal/agent/objectstore.go:177.63,179.3 1 0
github.com/zinc-sig/ghost/internal/agent/objectstore.go:180.2,181.16 2 1
github.com/zinc-sig/ghost/internal/agent/objectstore.go:181.16,183.3 1 0
github.com/zinc-sig/ghost/internal/agent/objectstore.go:184.2,185.35 2 1
github.com/zinc-sig/ghost/internal/agent/objectstore.go:185.35,187.3 1 1
github.com/zinc-sig/ghost/internal/agent/objectstore.go:188.2,188.16 1 1
github.com/zinc-sig/ghost/internal/agent/objectstore.go:188.16,190.3 1 0
github.com/zinc-sig/ghost/internal/agent/objectstore.go:191.2,191.15 1 1
github.com/zinc-sig/ghost/internal/agent/procstatus.go:38.55,41.55 3 1
github.com/zinc-sig/ghost/internal/agent/procstatus.go:41.55,43.10 2 1
github.com/zinc-sig/ghost/internal/agent/procstatus.go:43.10,44.12 1 1
github.com/zinc-sig/ghost/internal/agent/procstatus.go:46.3,47.23 2 1
github.com/zinc-sig/ghost/internal/agent/procstatus.go:47.23,48.12 1 1
github.com/zinc-sig/ghost/internal/agent/procstatus.go:50.3,50.22 1 1
github.com/zinc-sig/ghost/internal/agent/procstatus.go:51.14,53.18 2 1
github.com/zinc-sig/ghost/internal/agent/procstatus.go:53.18,55.5 1 0
github.com/zinc-sig/ghost/internal/agent/procstatus.go:56.4,56.28 1 1
github.com/zinc-sig/ghost/internal/agent/procstatus.go:57.15,59.18 2 1
github.com/zinc-sig/ghost/internal/agent/procstatus.go:59.18,61.5 1 0
github.com/zinc-sig/ghost/internal/agent/procstatus.go:62.4,62.14 1 1
github.com/zinc-sig/ghost/internal/agent/procstatus.go:63.17,65.18 2 1
github.com/zinc-sig/ghost/internal/agent/procstatus.go:65.18,67.5 1 0
github.com/zinc-sig/ghost/internal/agent/procstatus.go:68.4,68.30 1 1
github.com/zinc-sig/ghost/internal/agent/procstatus.go:69.16,70.31 1 1
github.com/zinc-sig/ghost/internal/agent/procstatus.go:71.18,72.31 1 1
github.com/zinc-sig/ghost/internal/agent/procstatus.go:73.19,74.32 1 1
github.com/zinc-sig/ghost/internal/agent/procstatus.go:77.2,77.27 1 1
github.com/zinc-sig/ghost/internal/agent/procstatus.go:77.27,79.3 1 1
github.com/zinc-sig/ghost/internal/agent/procstatus.go:80.2,80.15 1 1
github.com/zinc-sig/ghost/internal/agent/procstatus.go:85.37,87.16 2 1
github.com/zinc-sig/ghost/internal/agent/procstatus.go:87.16,89.3 1 0
github.com/zinc-sig/ghost/internal/agent/procstatus.go:90.2,90.17 1 1
github.com/zinc-sig/ghost/internal/agent/procstatus.go:97.59,99.16 2 1
github.com/zinc-sig/ghost/internal/agent/procstatus.go:99.16,101.3 1 0
github.com/zinc-sig/ghost/internal/agent/procstatus.go:102.2,103.28 2 1
github.com/zinc-sig/ghost/internal/agent/procstatus.go:103.28,104.17 1 1
github.com/zinc-sig/ghost/internal/agent/procstatus.go:104.17,105.12 1 1
github.com/zinc-sig/ghost/internal/agent/procstatus.go:107.3,107.51 1 1
github.com/zinc-sig/ghost/internal/agent/procstatus.go:107.51,108.12 1 1
github.com/zinc-sig/ghost/internal/agent/procstatus.go:110.3,111.17 2 1
github.com/zinc-sig/ghost/internal/agent/procstatus.go:111.17,112.12 1 1
github.com/zinc-sig/ghost/internal/agent/procstatus.go:114.3,115.17 2 1
github.com/zinc-sig/ghost/internal/agent/procstatus.go:115.17,116.12 1 0
github.com/zinc-sig/ghost/internal/agent/procstatus.go:118.3,118.31 1 1
github.com/zinc-sig/ghost/internal/agent/procstatus.go:120.2,120.21 1 1
github.com/zinc-sig/ghost/internal/agent/procstatus.go:125.60,127.28 2 1
github.com/zinc-sig/ghost/internal/agent/procstatus.go:127.28,128.15 1 1
github.com/zinc-sig/ghost/internal/agent/procstatus.go:128.15,129.12 1 1
github.com/zinc-sig/ghost/internal/agent/procstatus.go:131.3,134.21 4 1
github.com/zinc-sig/ghost/internal/agent/procstatus.go:136.2,136.15 1 1
github.com/zinc-sig/ghost/internal/agent/procstatus.go:142.59,144.16 2 1
github.com/zinc-sig/ghost/internal/agent/procstatus.go:144.16,146.3 1 0
github.com/zinc-sig/ghost/internal/agent/procstatus.go:147.2,147.35 1 1
github.com/zinc-sig/ghost/internal/agent/procstatus.go:151.40,153.55 2 1
github.com/zinc-sig/ghost/internal/agent/procstatus.go:153.55,155.10 2 1
github.com/zinc-sig/ghost/internal/agent/procstatus.go:155.10,156.12 1 1
github.com/zinc-sig/ghost/internal/agent/procstatus.go:158.3,158.60 1 1
github.com/zinc-sig/ghost/internal/agent/procstatus.go:158.60,160.4 1 1
github.com/zinc-sig/ghost/internal/agent/procstatus.go:162.2,162.14 1 1
github.com/zinc-sig/ghost/internal/agent/procstatus.go:170.61,172.27 2 1
github.com/zinc-sig/ghost/internal/agent/procstatus.go:172.27,173.49 1 1
github.com/zinc-sig/ghost/internal/agent/procstatus.go:173.49,175.12 2 1
github.com/zinc-sig/ghost/internal/agent/procstatus.go:177.3,178.17 2 0
github.com/zinc-sig/ghost/internal/agent/procstatus.go:178.17,179.12 1 0
github.com/zinc-sig/ghost/internal/agent/procstatus.go:181.3,181.50 1 0
github.com/zinc-sig/ghost/internal/agent/procstatus.go:181.50,183.4 1 0
github.com/zinc-sig/ghost/internal/agent/procstatus.go:185.2,185.14 1 1
github.com/zinc-sig/ghost/internal/agent/subreaper_linux.go:12.35,14.2 1 1
github.com/zinc-sig/ghost/internal/upload/manager.go:14.61,16.2 1 1
github.com/zinc-sig/ghost/internal/upload/manager.go:19.49,21.9 2 1
github.com/zinc-sig/ghost/internal/upload/manager.go:21.9,23.3 1 1
github.com/zinc-sig/ghost/internal/upload/manager.go:24.2,24.23 1 1
github.com/zinc-sig/ghost/internal/upload/manager.go:28.13,29.44 1 1
github.com/zinc-sig/ghost/internal/upload/manager.go:29.44,31.3 1 0
github.com/zinc-sig/ghost/internal/upload/minio.go:23.40,25.2 1 1
github.com/zinc-sig/ghost/internal/upload/minio.go:28.39,30.2 1 1
github.com/zinc-sig/ghost/internal/upload/minio.go:33.64,36.9 2 1
github.com/zinc-sig/ghost/internal/upload/minio.go:36.9,38.3 1 1
github.com/zinc-sig/ghost/internal/upload/minio.go:40.2,41.9 2 1
github.com/zinc-sig/ghost/internal/upload/minio.go:41.9,43.3 1 1
github.com/zinc-sig/ghost/internal/upload/minio.go:45.2,46.9 2 1
github.com/zinc-sig/ghost/internal/upload/minio.go:46.9,48.3 1 1
github.com/zinc-sig/ghost/internal/upload/minio.go:50.2,51.9 2 1
github.com/zinc-sig/ghost/internal/upload/minio.go:51.9,53.3 1 1
github.com/zinc-sig/ghost/internal/upload/minio.go:56.2,58.63 3 1
github.com/zinc-sig/ghost/internal/upload/minio.go:58.63,63.21 3 1
github.com/zinc-sig/ghost/internal/upload/minio.go:63.21,65.4 1 1
github.com/zinc-sig/ghost/internal/upload/minio.go:66.8,69.3 1 1
github.com/zinc-sig/ghost/internal/upload/minio.go:72.2,81.16 4 1
github.com/zinc-sig/ghost/internal/upload/minio.go:81.16,83.3 1 0
github.com/zinc-sig/ghost/internal/upload/minio.go:85.2,92.16 6 1
github.com/zinc-sig/ghost/internal/upload/minio.go:92.16,94.3 1 1
github.com/zinc-sig/ghost/internal/upload/minio.go:95.2,95.13 1 0
github.com/zinc-sig/ghost/internal/upload/minio.go:95.13,97.3 1 0
github.com/zinc-sig/ghost/internal/upload/minio.go:99.2,99.12 1 0
github.com/zinc-sig/ghost/internal/upload/minio.go:103.96,104.21 1 0
github.com/zinc-sig/ghost/internal/upload/minio.go:104.21,106.3 1 0
github.com/zinc-sig/ghost/internal/upload/minio.go:109.2,110.20 2 0
github.com/zinc-sig/ghost/internal/upload/minio.go:110.20,112.3 1 0
github.com/zinc-sig/ghost/internal/upload/minio.go:116.2,117.16 2 0
github.com/zinc-sig/ghost/internal/upload/minio.go:117.16,119.3 1 0
github.com/zinc-sig/ghost/internal/upload/minio.go:121.2,121.12 1 0
github.com/zinc-sig/ghost/internal/upload/minio.go:125.71,126.32 1 1
github.com/zinc-sig/ghost/internal/upload/minio.go:126.32,127.34 1 1
github.com/zinc-sig/ghost/internal/upload/minio.go:127.34,129.4 1 1
github.com/zinc-sig/ghost/internal/upload/minio.go:131.2,131.18 1 1
github.com/zinc-sig/ghost/internal/upload/minio.go:134.88,135.48 1 1
github.com/zinc-sig/ghost/internal/upload/minio.go:135.48,137.3 1 0
github.com/zinc-sig/ghost/internal/upload/minio.go:138.2,138.21 1 1
github.com/zinc-sig/ghost/internal/upload/minio.go:141.78,142.32 1 1
github.com/zinc-sig/ghost/internal/upload/minio.go:142.32,143.26 1 1
github.com/zinc-sig/ghost/internal/upload/minio.go:144.13,145.12 1 1
github.com/zinc-sig/ghost/internal/upload/minio.go:146.15,147.50 1 0
github.com/zinc-sig/ghost/internal/upload/minio.go:147.50,149.5 1 0
github.com/zinc-sig/ghost/internal/upload/minio.go:152.2,152.21 1 1
